Archive member included to satisfy reference by file (symbol)

C:/ST/STM32CubeIDE_1.19.0/STM32CubeIDE/plugins/com.st.stm32cube.ide.mcu.externaltools.gnu-tools-for-stm32.13.3.rel1.win32_1.0.0.202411081344/tools/bin/../lib/gcc/arm-none-eabi/13.3.1/../../../../arm-none-eabi/lib/thumb/v7e-m+dp/hard\libc_nano.a(libc_a-exit.o)
                              C:/ST/STM32CubeIDE_1.19.0/STM32CubeIDE/plugins/com.st.stm32cube.ide.mcu.externaltools.gnu-tools-for-stm32.13.3.rel1.win32_1.0.0.202411081344/tools/bin/../lib/gcc/arm-none-eabi/13.3.1/../../../../arm-none-eabi/lib/thumb/v7e-m+dp/hard/crt0.o (exit)
C:/ST/STM32CubeIDE_1.19.0/STM32CubeIDE/plugins/com.st.stm32cube.ide.mcu.externaltools.gnu-tools-for-stm32.13.3.rel1.win32_1.0.0.202411081344/tools/bin/../lib/gcc/arm-none-eabi/13.3.1/../../../../arm-none-eabi/lib/thumb/v7e-m+dp/hard\libc_nano.a(libc_a-findfp.o)
                              C:/ST/STM32CubeIDE_1.19.0/STM32CubeIDE/plugins/com.st.stm32cube.ide.mcu.externaltools.gnu-tools-for-stm32.13.3.rel1.win32_1.0.0.202411081344/tools/bin/../lib/gcc/arm-none-eabi/13.3.1/../../../../arm-none-eabi/lib/thumb/v7e-m+dp/hard\libc_nano.a(libc_a-exit.o) (__stdio_exit_handler)
C:/ST/STM32CubeIDE_1.19.0/STM32CubeIDE/plugins/com.st.stm32cube.ide.mcu.externaltools.gnu-tools-for-stm32.13.3.rel1.win32_1.0.0.202411081344/tools/bin/../lib/gcc/arm-none-eabi/13.3.1/../../../../arm-none-eabi/lib/thumb/v7e-m+dp/hard\libc_nano.a(libc_a-fwalk.o)
                              C:/ST/STM32CubeIDE_1.19.0/STM32CubeIDE/plugins/com.st.stm32cube.ide.mcu.externaltools.gnu-tools-for-stm32.13.3.rel1.win32_1.0.0.202411081344/tools/bin/../lib/gcc/arm-none-eabi/13.3.1/../../../../arm-none-eabi/lib/thumb/v7e-m+dp/hard\libc_nano.a(libc_a-findfp.o) (_fwalk_sglue)
C:/ST/STM32CubeIDE_1.19.0/STM32CubeIDE/plugins/com.st.stm32cube.ide.mcu.externaltools.gnu-tools-for-stm32.13.3.rel1.win32_1.0.0.202411081344/tools/bin/../lib/gcc/arm-none-eabi/13.3.1/../../../../arm-none-eabi/lib/thumb/v7e-m+dp/hard\libc_nano.a(libc_a-stdio.o)
                              C:/ST/STM32CubeIDE_1.19.0/STM32CubeIDE/plugins/com.st.stm32cube.ide.mcu.externaltools.gnu-tools-for-stm32.13.3.rel1.win32_1.0.0.202411081344/tools/bin/../lib/gcc/arm-none-eabi/13.3.1/../../../../arm-none-eabi/lib/thumb/v7e-m+dp/hard\libc_nano.a(libc_a-findfp.o) (__sread)
C:/ST/STM32CubeIDE_1.19.0/STM32CubeIDE/plugins/com.st.stm32cube.ide.mcu.externaltools.gnu-tools-for-stm32.13.3.rel1.win32_1.0.0.202411081344/tools/bin/../lib/gcc/arm-none-eabi/13.3.1/../../../../arm-none-eabi/lib/thumb/v7e-m+dp/hard\libc_nano.a(libc_a-memset.o)
                              C:/ST/STM32CubeIDE_1.19.0/STM32CubeIDE/plugins/com.st.stm32cube.ide.mcu.externaltools.gnu-tools-for-stm32.13.3.rel1.win32_1.0.0.202411081344/tools/bin/../lib/gcc/arm-none-eabi/13.3.1/../../../../arm-none-eabi/lib/thumb/v7e-m+dp/hard/crt0.o (memset)
C:/ST/STM32CubeIDE_1.19.0/STM32CubeIDE/plugins/com.st.stm32cube.ide.mcu.externaltools.gnu-tools-for-stm32.13.3.rel1.win32_1.0.0.202411081344/tools/bin/../lib/gcc/arm-none-eabi/13.3.1/../../../../arm-none-eabi/lib/thumb/v7e-m+dp/hard\libc_nano.a(libc_a-closer.o)
                              C:/ST/STM32CubeIDE_1.19.0/STM32CubeIDE/plugins/com.st.stm32cube.ide.mcu.externaltools.gnu-tools-for-stm32.13.3.rel1.win32_1.0.0.202411081344/tools/bin/../lib/gcc/arm-none-eabi/13.3.1/../../../../arm-none-eabi/lib/thumb/v7e-m+dp/hard\libc_nano.a(libc_a-stdio.o) (_close_r)
C:/ST/STM32CubeIDE_1.19.0/STM32CubeIDE/plugins/com.st.stm32cube.ide.mcu.externaltools.gnu-tools-for-stm32.13.3.rel1.win32_1.0.0.202411081344/tools/bin/../lib/gcc/arm-none-eabi/13.3.1/../../../../arm-none-eabi/lib/thumb/v7e-m+dp/hard\libc_nano.a(libc_a-reent.o)
                              C:/ST/STM32CubeIDE_1.19.0/STM32CubeIDE/plugins/com.st.stm32cube.ide.mcu.externaltools.gnu-tools-for-stm32.13.3.rel1.win32_1.0.0.202411081344/tools/bin/../lib/gcc/arm-none-eabi/13.3.1/../../../../arm-none-eabi/lib/thumb/v7e-m+dp/hard\libc_nano.a(libc_a-closer.o) (errno)
C:/ST/STM32CubeIDE_1.19.0/STM32CubeIDE/plugins/com.st.stm32cube.ide.mcu.externaltools.gnu-tools-for-stm32.13.3.rel1.win32_1.0.0.202411081344/tools/bin/../lib/gcc/arm-none-eabi/13.3.1/../../../../arm-none-eabi/lib/thumb/v7e-m+dp/hard\libc_nano.a(libc_a-impure.o)
                              C:/ST/STM32CubeIDE_1.19.0/STM32CubeIDE/plugins/com.st.stm32cube.ide.mcu.externaltools.gnu-tools-for-stm32.13.3.rel1.win32_1.0.0.202411081344/tools/bin/../lib/gcc/arm-none-eabi/13.3.1/../../../../arm-none-eabi/lib/thumb/v7e-m+dp/hard\libc_nano.a(libc_a-reent.o) (_impure_ptr)
C:/ST/STM32CubeIDE_1.19.0/STM32CubeIDE/plugins/com.st.stm32cube.ide.mcu.externaltools.gnu-tools-for-stm32.13.3.rel1.win32_1.0.0.202411081344/tools/bin/../lib/gcc/arm-none-eabi/13.3.1/../../../../arm-none-eabi/lib/thumb/v7e-m+dp/hard\libc_nano.a(libc_a-lseekr.o)
[...]
Memory Configuration

Name             Origin             Length             Attributes
FLASH            0x08000000         0x00020000         xr
DTCMRAM          0x20000000         0x00020000         xrw
RAM_D1           0x24000000         0x00080000         xrw
RAM_D2           0x30000000         0x00048000         xrw
RAM_D3           0x38000000         0x00010000         xrw
ITCMRAM          0x00000000         0x00010000         xrw
*default*        0x00000000         0xffffffff

Linker script and memory map

LOAD C:/ST/STM32CubeIDE_1.19.0/STM32CubeIDE/plugins/com.st.stm32cube.ide.mcu.externaltools.gnu-tools-for-stm32.13.3.rel1.win32_1.0.0.202411081344/tools/bin/../lib/gcc/arm-none-eabi/13.3.1/thumb/v7e-m+dp/hard/crti.o
LOAD C:/ST/STM32CubeIDE_1.19.0/STM32CubeIDE/plugins/com.st.stm32cube.ide.mcu.externaltools.gnu-tools-for-stm32.13.3.rel1.win32_1.0.0.202411081344/tools/bin/../lib/gcc/arm-none-eabi/13.3.1/thumb/v7e-m+dp/hard/crtbegin.o
LOAD C:/ST/STM32CubeIDE_1.19.0/STM32CubeIDE/plugins/com.st.stm32cube.ide.mcu.externaltools.gnu-tools-for-stm32.13.3.rel1.win32_1.0.0.202411081344/tools/bin/../lib/gcc/arm-none-eabi/13.3.1/../../../../arm-none-eabi/lib/thumb/v7e-m+dp/hard/crt0.o
LOAD ./Core/Src/main.o
LOAD ./Core/Src/stm32h7xx_hal_msp.o
LOAD ./Core/Src/stm32h7xx_it.o
LOAD ./Core/Src/syscalls.o
LOAD ./Core/Src/sysmem.o
LOAD ./Core/Src/system_stm32h7xx.o
LOAD ./Core/Startup/startup_stm32h750vbtx.o
LOAD ./Drivers/STM32H7xx_HAL_Driver/Src/stm32h7xx_hal.o
LOAD ./Drivers/STM32H7xx_HAL_Driver/Src/stm32h7xx_hal_cortex.o
LOAD ./Drivers/STM32H7xx_HAL_Driver/Src/stm32h7xx_hal_dma.o
LOAD ./Drivers/STM32H7xx_HAL_Driver/Src/stm32h7xx_hal_dma_ex.o
LOAD ./Drivers/STM32H7xx_HAL_Driver/Src/stm32h7xx_hal_exti.o
LOAD ./Drivers/STM32H7xx_HAL_Driver/Src/stm32h7xx_hal_flash.o
LOAD ./Drivers/STM32H7xx_HAL_Driver/Src/stm32h7xx_hal_flash_ex.o
LOAD ./Drivers/STM32H7xx_HAL_Driver/Src/stm32h7xx_hal_gpio.o
LOAD ./Drivers/STM32H7xx_HAL_Driver/Src/stm32h7xx_hal_hsem.o
LOAD ./Drivers/STM32H7xx_HAL_Driver/Src/stm32h7xx_hal_i2c.o
LOAD ./Drivers/STM32H7xx_HAL_Driver/Src/stm32h7xx_hal_i2c_ex.o
LOAD ./Drivers/STM32H7xx_HAL_Driver/Src/stm32h7xx_hal_mdma.o
LOAD ./Drivers/STM32H7xx_HAL_Driver/Src/stm32h7xx_hal_pcd.o
LOAD ./Drivers/STM32H7xx_HAL_Driver/Src/stm32h7xx_hal_pcd_ex.o
LOAD ./Drivers/STM32H7xx_HAL_Driver/Src/stm32h7xx_hal_pwr.o
LOAD ./Drivers/STM32H7xx_HAL_Driver/Src/stm32h7xx_hal_pwr_ex.o
LOAD ./Drivers/STM32H7xx_HAL_Driver/Src/stm32h7xx_hal_rcc.o
LOAD ./Drivers/STM32H7xx_HAL_Driver/Src/stm32h7xx_hal_rcc_ex.o
LOAD ./Drivers/STM32H7xx_HAL_Driver/Src/stm32h7xx_hal_tim.o
LOAD ./Drivers/STM32H7xx_HAL_Driver/Src/stm32h7xx_hal_tim_ex.o
LOAD ./Drivers/STM32H7xx_HAL_Driver/Src/stm32h7xx_ll_usb.o
LOAD ./Middlewares/ST/STM32_USB_Device_Library/Class/CDC/Src/usbd_cdc.o
LOAD ./Middlewares/ST/STM32_USB_Device_Library/Core/Src/usbd_core.o
LOAD ./Middlewares/ST/STM32_USB_Device_Library/Core/Src/usbd_ctlreq.o
LOAD ./Middlewares/ST/STM32_USB_Device_Library/Core/Src/usbd_ioreq.o
LOAD ./USB_DEVICE/App/usb_device.o
LOAD ./USB_DEVICE/App/usbd_cdc_if.o
LOAD ./USB_DEVICE/App/usbd_desc.o
LOAD ./USB_DEVICE/Target/usbd_conf.o
START GROUP
LOAD C:/ST/STM32CubeIDE_1.19.0/STM32CubeIDE/plugins/com.st.stm32cube.ide.mcu.externaltools.gnu-tools-for-stm32.13.3.rel1.win32_1.0.0.202411081344/tools/bin/../lib/gcc/arm-none-eabi/13.3.1/../../../../arm-none-eabi/lib/thumb/v7e-m+dp/hard\libc_nano.a
LOAD C:/ST/STM32CubeIDE_1.19.0/STM32CubeIDE/plugins/com.st.stm32cube.ide.mcu.externaltools.gnu-tools-for-stm32.13.3.rel1.win32_1.0.0.202411081344/tools/bin/../lib/gcc/arm-none-eabi/13.3.1/../../../../arm-none-eabi/lib/thumb/v7e-m+dp/hard\libm.a
END GROUP
START GROUP
LOAD C:/ST/STM32CubeIDE_1.19.0/STM32CubeIDE/plugins/com.st.stm32cube.ide.mcu.externaltools.gnu-tools-for-stm32.13.3.rel1.win32_1.0.0.202411081344/tools/bin/../lib/gcc/arm-none-eabi/13.3.1/thumb/v7e-m+dp/hard\libgcc.a
LOAD C:/ST/STM32CubeIDE_1.19.0/STM32CubeIDE/plugins/com.st.stm32cube.ide.mcu.externaltools.gnu-tools-for-stm32.13.3.rel1.win32_1.0.0.202411081344/tools/bin/../lib/gcc/arm-none-eabi/13.3.1/../../../../arm-none-eabi/lib/thumb/v7e-m+dp/hard\libc_nano.a
END GROUP
START GROUP
LOAD C:/ST/STM32CubeIDE_1.19.0/STM32CubeIDE/plugins/com.st.stm32cube.ide.mcu.externaltools.gnu-tools-for-stm32.13.3.rel1.win32_1.0.0.202411081344/tools/bin/../lib/gcc/arm-none-eabi/13.3.1/thumb/v7e-m+dp/hard\libgcc.a
LOAD C:/ST/STM32CubeIDE_1.19.0/STM32CubeIDE/plugins/com.st.stm32cube.ide.mcu.externaltools.gnu-tools-for-stm32.13.3.rel1.win32_1.0.0.202411081344/tools/bin/../lib/gcc/arm-none-eabi/13.3.1/../../../../arm-none-eabi/lib/thumb/v7e-m+dp/hard\libc_nano.a
LOAD C:/ST/STM32CubeIDE_1.19.0/STM32CubeIDE/plugins/com.st.stm32cube.ide.mcu.externaltools.gnu-tools-for-stm32.13.3.rel1.win32_1.0.0.202411081344/tools/bin/../lib/gcc/arm-none-eabi/13.3.1/../../../../arm-none-eabi/lib/thumb/v7e-m+dp/hard\libnosys.a
END GROUP
START GROUP
LOAD C:/ST/STM32CubeIDE_1.19.0/STM32CubeIDE/plugins/com.st.stm32cube.ide.mcu.externaltools.gnu-tools-for-stm32.13.3.rel1.win32_1.0.0.202411081344/tools/bin/../lib/gcc/arm-none-eabi/13.3.1/thumb/v7e-m+dp/hard\libgcc.a
LOAD C:/ST/STM32CubeIDE_1.19.0/STM32CubeIDE/plugins/com.st.stm32cube.ide.mcu.externaltools.gnu-tools-for-stm32.13.3.rel1.win32_1.0.0.202411081344/tools/bin/../lib/gcc/arm-none-eabi/13.3.1/../../../../arm-none-eabi/lib/thumb/v7e-m+dp/hard\libc_nano.a
LOAD C:/ST/STM32CubeIDE_1.19.0/STM32CubeIDE/plugins/com.st.stm32cube.ide.mcu.externaltools.gnu-tools-for-stm32.13.3.rel1.win32_1.0.0.202411081344/tools/bin/../lib/gcc/arm-none-eabi/13.3.1/../../../../arm-none-eabi/lib/thumb/v7e-m+dp/hard\libnosys.a
END GROUP
LOAD C:/ST/STM32CubeIDE_1.19.0/STM32CubeIDE/plugins/com.st.stm32cube.ide.mcu.externaltools.gnu-tools-for-stm32.13.3.rel1.win32_1.0.0.202411081344/tools/bin/../lib/gcc/arm-none-eabi/13.3.1/thumb/v7e-m+dp/hard/crtend.o
LOAD C:/ST/STM32CubeIDE_1.19.0/STM32CubeIDE/plugins/com.st.stm32cube.ide.mcu.externaltools.gnu-tools-for-stm32.13.3.rel1.win32_1.0.0.202411081344/tools/bin/../lib/gcc/arm-none-eabi/13.3.1/thumb/v7e-m+dp/hard/crtn.o
                0x24080000                        _estack = (ORIGIN (RAM_D1) + LENGTH (RAM_D1))
                0x00000200                        _Min_Heap_Size = 0x200
                0x00000400                        _Min_Stack_Size = 0x400

.isr_vector     0x08000000      0x298
                0x08000000                        . = ALIGN (0x4)
 *(.isr_vector)
 .isr_vector    0x08000000      0x298 ./Core/Startup/startup_stm32h750vbtx.o
                0x08000000                g_pfnVectors
                0x08000298                        . = ALIGN (0x4)

.text           0x08000298     0x8a6c
                0x08000298                        . = ALIGN (0x4)
 *(.text)
 .text          0x08000298       0x40 C:/ST/STM32CubeIDE_1.19.0/STM32CubeIDE/plugins/com.st.stm32cube.ide.mcu.externaltools.gnu-tools-for-stm32.13.3.rel1.win32_1.0.0.202411081344/tools/bin/../lib/gcc/arm-none-eabi/13.3.1/thumb/v7e-m+dp/hard/crtbegin.o
 *(.text*)
 .text.main     0x080002d8       0x88 ./Core/Src/main.o
                0x080002d8                main
 .text.SystemClock_Config
                0x08000360       0xd8 ./Core/Src/main.o
                0x08000360                SystemClock_Config
 .text.MX_GPIO_Init
                0x08000438       0x88 ./Core/Src/main.o
 .text.MPU_Config
                0x080004c0       0x58 ./Core/Src/main.o
 .text.Error_Handler
                0x08000518        0xc ./Core/Src/main.o
                0x08000518                Error_Handler
 .text.HAL_MspInit
                0x08000524       0x34 ./Core/Src/stm32h7xx_hal_msp.o
                0x08000524                HAL_MspInit
 .text.NMI_Handler
                0x08000558        0x8 ./Core/Src/stm32h7xx_it.o
                0x08000558                NMI_Handler
 .text.HardFault_Handler
                0x08000560        0x8 ./Core/Src/stm32h7xx_it.o
                0x08000560                HardFault_Handler
 .text.MemManage_Handler
                0x08000568        0x8 ./Core/Src/stm32h7xx_it.o
                0x08000568                MemManage_Handler
 .text.BusFault_Handler
                0x08000570        0x8 ./Core/Src/stm32h7xx_it.o
                0x08000570                BusFault_Handler
 .text.UsageFault_Handler
                0x08000578        0x8 ./Core/Src/stm32h7xx_it.o
                0x08000578                UsageFault_Handler
 .text.SVC_Handler
                0x08000580        0xe ./Core/Src/stm32h7xx_it.o
                0x08000580                SVC_Handler
 .text.DebugMon_Handler
                0x0800058e        0xe ./Core/Src/stm32h7xx_it.o
                0x0800058e                DebugMon_Handler
 .text.PendSV_Handler
                0x0800059c        0xe ./Core/Src/stm32h7xx_it.o
                0x0800059c                PendSV_Handler
 .text.SysTick_Handler
                0x080005aa        0xc ./Core/Src/stm32h7xx_it.o
                0x080005aa                SysTick_Handler
 *fill*         0x080005b6        0x2 
 .text.OTG_FS_EP1_IN_IRQHandler
                0x080005b8       0x14 ./Core/Src/stm32h7xx_it.o
                0x080005b8                OTG_FS_EP1_IN_IRQHandler
 .text.OTG_FS_IRQHandler
                0x080005cc       0x14 ./Core/Src/stm32h7xx_it.o
                0x080005cc                OTG_FS_IRQHandler
 .text.SystemInit
                0x080005e0      0x140 ./Core/Src/system_stm32h7xx.o
                0x080005e0                SystemInit
 .text.ExitRun0Mode
                0x08000720       0x30 ./Core/Src/system_stm32h7xx.o
                0x08000720                ExitRun0Mode
 .text.Reset_Handler
                0x08000750       0x54 ./Core/Startup/startup_stm32h750vbtx.o
                0x08000750                Reset_Handler
 .text.Default_Handler
                0x080007a4        0x2 ./Core/Startup/startup_stm32h750vbtx.o
                0x080007a4                RTC_Alarm_IRQHandler
                0x080007a4                HASH_RNG_IRQHandler
                0x080007a4                EXTI2_IRQHandler
                0x080007a4                TIM8_CC_IRQHandler
                0x080007a4                HRTIM1_Master_IRQHandler
                0x080007a4                UART8_IRQHandler
                0x080007a4                SPI4_IRQHandler
                0x080007a4                TIM1_CC_IRQHandler
                0x080007a4                BDMA_Channel6_IRQHandler
                0x080007a4                DMA2_Stream5_IRQHandler
                0x080007a4                HRTIM1_FLT_IRQHandler
                0x080007a4                JPEG_IRQHandler
                0x080007a4                DMA1_Stream5_IRQHandler
                0x080007a4                BDMA_Channel1_IRQHandler
                0x080007a4                HRTIM1_TIMD_IRQHandler
                0x080007a4                TAMP_STAMP_IRQHandler
                0x080007a4                EXTI3_IRQHandler
                0x080007a4                LPTIM4_IRQHandler
                0x080007a4                TIM8_TRG_COM_TIM14_IRQHandler
                0x080007a4                LPTIM2_IRQHandler
                0x080007a4                DFSDM1_FLT1_IRQHandler
                0x080007a4                DMAMUX2_OVR_IRQHandler
                0x080007a4                TIM8_UP_TIM13_IRQHandler
                0x080007a4                I2C3_ER_IRQHandler
                0x080007a4                DFSDM1_FLT2_IRQHandler
                0x080007a4                MDMA_IRQHandler
                0x080007a4                LPTIM3_IRQHandler
                0x080007a4                HSEM1_IRQHandler
                0x080007a4                EXTI0_IRQHandler
                0x080007a4                I2C2_EV_IRQHandler
                0x080007a4                DMA1_Stream2_IRQHandler
                0x080007a4                FPU_IRQHandler
                0x080007a4                OTG_HS_WKUP_IRQHandler
                0x080007a4                FDCAN1_IT1_IRQHandler
                0x080007a4                LTDC_ER_IRQHandler
                0x080007a4                DMA2_Stream2_IRQHandler
                0x080007a4                HRTIM1_TIME_IRQHandler
                0x080007a4                SPI1_IRQHandler
                0x080007a4                TIM6_DAC_IRQHandler
                0x080007a4                DCMI_IRQHandler
                0x080007a4                HRTIM1_TIMC_IRQHandler
                0x080007a4                DMA2_Stream3_IRQHandler
                0x080007a4                SAI2_IRQHandler
                0x080007a4                DFSDM1_FLT3_IRQHandler
                0x080007a4                USART6_IRQHandler
                0x080007a4                TIM17_IRQHandler
                0x080007a4                USART3_IRQHandler
                0x080007a4                BDMA_Channel7_IRQHandler
                0x080007a4                CRYP_IRQHandler
                0x080007a4                LPTIM5_IRQHandler
                0x080007a4                UART5_IRQHandler
                0x080007a4                ADC3_IRQHandler
                0x080007a4                DMA2_Stream0_IRQHandler
                0x080007a4                TIM4_IRQHandler
                0x080007a4                BDMA_Channel2_IRQHandler
                0x080007a4                QUADSPI_IRQHandler
                0x080007a4                I2C1_EV_IRQHandler
                0x080007a4                DMA1_Stream6_IRQHandler
                0x080007a4                DMAMUX1_OVR_IRQHandler
                0x080007a4                DMA1_Stream1_IRQHandler
                0x080007a4                TIM16_IRQHandler
                0x080007a4                UART4_IRQHandler
                0x080007a4                BDMA_Channel5_IRQHandler
                0x080007a4                TIM3_IRQHandler
                0x080007a4                RCC_IRQHandler
                0x080007a4                TIM8_BRK_TIM12_IRQHandler
                0x080007a4                TIM1_TRG_COM_IRQHandler
                0x080007a4                Default_Handler
                0x080007a4                ECC_IRQHandler
                0x080007a4                CEC_IRQHandler
                0x080007a4                EXTI15_10_IRQHandler
                0x080007a4                BDMA_Channel0_IRQHandler
                0x080007a4                ADC_IRQHandler
                0x080007a4                DMA1_Stream7_IRQHandler
                0x080007a4                HRTIM1_TIMA_IRQHandler
                0x080007a4                SPI5_IRQHandler
                0x080007a4                TIM7_IRQHandler
                0x080007a4                SDMMC1_IRQHandler
                0x080007a4                TIM5_IRQHandler
                0x080007a4                DMA2_Stream7_IRQHandler
                0x080007a4                TIM15_IRQHandler
                0x080007a4                PVD_AVD_IRQHandler
                0x080007a4                I2C3_EV_IRQHandler
                0x080007a4                EXTI9_5_IRQHandler
                0x080007a4                RTC_WKUP_IRQHandler
                0x080007a4                LTDC_IRQHandler
                0x080007a4                SAI3_IRQHandler
                0x080007a4                ETH_WKUP_IRQHandler
                0x080007a4                SPDIF_RX_IRQHandler
                0x080007a4                SPI2_IRQHandler
                0x080007a4                OTG_HS_EP1_IN_IRQHandler
                0x080007a4                DMA1_Stream0_IRQHandler
                0x080007a4                CRS_IRQHandler
                0x080007a4                EXTI4_IRQHandler
                0x080007a4                HRTIM1_TIMB_IRQHandler
                0x080007a4                FDCAN2_IT1_IRQHandler
                0x080007a4                ETH_IRQHandler
                0x080007a4                TIM1_UP_IRQHandler
                0x080007a4                BDMA_Channel4_IRQHandler
                0x080007a4                OTG_HS_EP1_OUT_IRQHandler
                0x080007a4                WWDG_IRQHandler
                0x080007a4                SPI6_IRQHandler
                0x080007a4                MDIOS_IRQHandler
                0x080007a4                I2C4_EV_IRQHandler
                0x080007a4                FDCAN2_IT0_IRQHandler
                0x080007a4                LPUART1_IRQHandler
                0x080007a4                FDCAN1_IT0_IRQHandler
                0x080007a4                TIM2_IRQHandler
                0x080007a4                OTG_FS_WKUP_IRQHandler
                0x080007a4                OTG_HS_IRQHandler
                0x080007a4                DMA2D_IRQHandler
                0x080007a4                TIM1_BRK_IRQHandler
                0x080007a4                EXTI1_IRQHandler
                0x080007a4                SDMMC2_IRQHandler
                0x080007a4                OTG_FS_EP1_OUT_IRQHandler
                0x080007a4                BDMA_Channel3_IRQHandler
                0x080007a4                UART7_IRQHandler
                0x080007a4                MDIOS_WKUP_IRQHandler
                0x080007a4                USART2_IRQHandler
                0x080007a4                DFSDM1_FLT0_IRQHandler
                0x080007a4                SAI4_IRQHandler
                0x080007a4                I2C2_ER_IRQHandler
                0x080007a4                DMA2_Stream1_IRQHandler
                0x080007a4                FLASH_IRQHandler
                0x080007a4                DMA2_Stream4_IRQHandler
                0x080007a4                USART1_IRQHandler
                0x080007a4                SPI3_IRQHandler
                0x080007a4                WAKEUP_PIN_IRQHandler
                0x080007a4                DMA1_Stream4_IRQHandler
                0x080007a4                I2C1_ER_IRQHandler
                0x080007a4                FMC_IRQHandler
                0x080007a4                FDCAN_CAL_IRQHandler
                0x080007a4                SWPMI1_IRQHandler
                0x080007a4                COMP1_IRQHandler
                0x080007a4                LPTIM1_IRQHandler
                0x080007a4                I2C4_ER_IRQHandler
                0x080007a4                DMA2_Stream6_IRQHandler
                0x080007a4                SAI1_IRQHandler
                0x080007a4                DMA1_Stream3_IRQHandler
 *fill*         0x080007a6        0x2 
 .text.HAL_Init
                0x080007a8       0x78 ./Drivers/STM32H7xx_HAL_Driver/Src/stm32h7xx_hal.o
                0x080007a8                HAL_Init
 .text.HAL_InitTick
                0x08000820       0x6c ./Drivers/STM32H7xx_HAL_Driver/Src/stm32h7xx_hal.o
                0x08000820                HAL_InitTick
 .text.HAL_IncTick
                0x0800088c       0x28 ./Drivers/STM32H7xx_HAL_Driver/Src/stm32h7xx_hal.o
                0x0800088c                HAL_IncTick
 .text.HAL_GetTick
                0x080008b4       0x18 ./Drivers/STM32H7xx_HAL_Driver/Src/stm32h7xx_hal.o
                0x080008b4                HAL_GetTick
 .text.HAL_Delay
                0x080008cc       0x48 ./Drivers/STM32H7xx_HAL_Driver/Src/stm32h7xx_hal.o
                0x080008cc                HAL_Delay
 .text.HAL_GetREVID
                0x08000914       0x18 ./Drivers/STM32H7xx_HAL_Driver/Src/stm32h7xx_hal.o
                0x08000914                HAL_GetREVID
 .text.__NVIC_SetPriorityGrouping
                0x0800092c       0x48 ./Drivers/STM32H7xx_HAL_Driver/Src/stm32h7xx_hal_cortex.o
 .text.__NVIC_GetPriorityGrouping
                0x08000974       0x1c ./Drivers/STM32H7xx_HAL_Driver/Src/stm32h7xx_hal_cortex.o
 .text.__NVIC_EnableIRQ
                0x08000990       0x3c ./Drivers/STM32H7xx_HAL_Driver/Src/stm32h7xx_hal_cortex.o
 .text.__NVIC_SetPriority
                0x080009cc       0x54 ./Drivers/STM32H7xx_HAL_Driver/Src/stm32h7xx_hal_cortex.o
 .text.NVIC_EncodePriority
                0x08000a20       0x66 ./Drivers/STM32H7xx_HAL_Driver/Src/stm32h7xx_hal_cortex.o
 *fill*         0x08000a86        0x2 
 .text.SysTick_Config
                0x08000a88       0x44 ./Drivers/STM32H7xx_HAL_Driver/Src/stm32h7xx_hal_cortex.o
 .text.HAL_NVIC_SetPriorityGrouping
                0x08000acc       0x16 ./Drivers/STM32H7xx_HAL_Driver/Src/stm32h7xx_hal_cortex.o
                0x08000acc                HAL_NVIC_SetPriorityGrouping
 .text.HAL_NVIC_SetPriority
                0x08000ae2       0x34 ./Drivers/STM32H7xx_HAL_Driver/Src/stm32h7xx_hal_cortex.o
                0x08000ae2                HAL_NVIC_SetPriority
 .text.HAL_NVIC_EnableIRQ
                0x08000b16       0x1c ./Drivers/STM32H7xx_HAL_Driver/Src/stm32h7xx_hal_cortex.o
                0x08000b16                HAL_NVIC_EnableIRQ
 .text.HAL_SYSTICK_Config
                0x08000b32       0x18 ./Drivers/STM32H7xx_HAL_Driver/Src/stm32h7xx_hal_cortex.o
                0x08000b32                HAL_SYSTICK_Config
 *fill*         0x08000b4a        0x2 
 .text.HAL_MPU_Disable
                0x08000b4c       0x30 ./Drivers/STM32H7xx_HAL_Driver/Src/stm32h7xx_hal_cortex.o
                0x08000b4c                HAL_MPU_Disable
 .text.HAL_MPU_Enable
                0x08000b7c       0x40 ./Drivers/STM32H7xx_HAL_Driver/Src/stm32h7xx_hal_cortex.o
                0x08000b7c                HAL_MPU_Enable
 .text.HAL_MPU_ConfigRegion
                0x08000bbc       0x80 ./Drivers/STM32H7xx_HAL_Driver/Src/stm32h7xx_hal_cortex.o
                0x08000bbc                HAL_MPU_ConfigRegion
 .text.HAL_GPIO_Init
                0x08000c3c      0x360 ./Drivers/STM32H7xx_HAL_Driver/Src/stm32h7xx_hal_gpio.o
                0x08000c3c                HAL_GPIO_Init
 .text.HAL_GPIO_WritePin
                0x08000f9c       0x32 ./Drivers/STM32H7xx_HAL_Driver/Src/stm32h7xx_hal_gpio.o
                0x08000f9c                HAL_GPIO_WritePin
 .text.HAL_GPIO_TogglePin
                0x08000fce       0x34 ./Drivers/STM32H7xx_HAL_Driver/Src/stm32h7xx_hal_gpio.o
                0x08000fce                HAL_GPIO_TogglePin
 .text.HAL_PCD_Init
                0x08001002      0x218 ./Drivers/STM32H7xx_HAL_Driver/Src/stm32h7xx_hal_pcd.o
                0x08001002                HAL_PCD_Init
 .text.HAL_PCD_Start
                0x0800121a       0x6a ./Drivers/STM32H7xx_HAL_Driver/Src/stm32h7xx_hal_pcd.o
                0x0800121a                HAL_PCD_Start
 .text.HAL_PCD_IRQHandler
                0x08001284      0x99c ./Drivers/STM32H7xx_HAL_Driver/Src/stm32h7xx_hal_pcd.o
                0x08001284                HAL_PCD_IRQHandler
 .text.HAL_PCD_SetAddress
                0x08001c20       0x48 ./Drivers/STM32H7xx_HAL_Driver/Src/stm32h7xx_hal_pcd.o
                0x08001c20                HAL_PCD_SetAddress
 .text.HAL_PCD_EP_Open
                0x08001c68       0xd4 ./Drivers/STM32H7xx_HAL_Driver/Src/stm32h7xx_hal_pcd.o
                0x08001c68                HAL_PCD_EP_Open
 .text.HAL_PCD_EP_Close
                0x08001d3c       0x94 ./Drivers/STM32H7xx_HAL_Driver/Src/stm32h7xx_hal_pcd.o
                0x08001d3c                HAL_PCD_EP_Close
 .text.HAL_PCD_EP_Receive
                0x08001dd0       0x76 ./Drivers/STM32H7xx_HAL_Driver/Src/stm32h7xx_hal_pcd.o
                0x08001dd0                HAL_PCD_EP_Receive
 .text.HAL_PCD_EP_GetRxCount
                0x08001e46       0x30 ./Drivers/STM32H7xx_HAL_Driver/Src/stm32h7xx_hal_pcd.o
                0x08001e46                HAL_PCD_EP_GetRxCount
 .text.HAL_PCD_EP_Transmit
                0x08001e76       0x74 ./Drivers/STM32H7xx_HAL_Driver/Src/stm32h7xx_hal_pcd.o
                0x08001e76                HAL_PCD_EP_Transmit
 .text.HAL_PCD_EP_SetStall
                0x08001eea       0xc6 ./Drivers/STM32H7xx_HAL_Driver/Src/stm32h7xx_hal_pcd.o
                0x08001eea                HAL_PCD_EP_SetStall
 .text.HAL_PCD_EP_ClrStall
                0x08001fb0       0xac ./Drivers/STM32H7xx_HAL_Driver/Src/stm32h7xx_hal_pcd.o
                0x08001fb0                HAL_PCD_EP_ClrStall
 .text.HAL_PCD_EP_Abort
                0x0800205c       0x62 ./Drivers/STM32H7xx_HAL_Driver/Src/stm32h7xx_hal_pcd.o
                0x0800205c                HAL_PCD_EP_Abort
 .text.PCD_WriteEmptyTxFifo
                0x080020be      0x118 ./Drivers/STM32H7xx_HAL_Driver/Src/stm32h7xx_hal_pcd.o
 *fill*         0x080021d6        0x2 
 .text.PCD_EP_OutXfrComplete_int
                0x080021d8      0x1d0 ./Drivers/STM32H7xx_HAL_Driver/Src/stm32h7xx_hal_pcd.o
 .text.PCD_EP_OutSetupPacket_int
                0x080023a8       0x8c ./Drivers/STM32H7xx_HAL_Driver/Src/stm32h7xx_hal_pcd.o
 .text.HAL_PCDEx_SetTxFiFo
                0x08002434       0x8e ./Drivers/STM32H7xx_HAL_Driver/Src/stm32h7xx_hal_pcd_ex.o
                0x08002434                HAL_PCDEx_SetTxFiFo
 .text.HAL_PCDEx_SetRxFiFo
                0x080024c2       0x22 ./Drivers/STM32H7xx_HAL_Driver/Src/stm32h7xx_hal_pcd_ex.o
                0x080024c2                HAL_PCDEx_SetRxFiFo
 .text.HAL_PCDEx_ActivateLPM
                0x080024e4       0x48 ./Drivers/STM32H7xx_HAL_Driver/Src/stm32h7xx_hal_pcd_ex.o
                0x080024e4                HAL_PCDEx_ActivateLPM
 .text.HAL_PCDEx_LPM_Callback
                0x0800252c       0x18 ./Drivers/STM32H7xx_HAL_Driver/Src/stm32h7xx_hal_pcd_ex.o
                0x0800252c                HAL_PCDEx_LPM_Callback
 .text.HAL_PWREx_ConfigSupply
                0x08002544       0x74 ./Drivers/STM32H7xx_HAL_Driver/Src/stm32h7xx_hal_pwr_ex.o
                0x08002544                HAL_PWREx_ConfigSupply
 .text.HAL_PWREx_EnableUSBVoltageDetector
                0x080025b8       0x20 ./Drivers/STM32H7xx_HAL_Driver/Src/stm32h7xx_hal_pwr_ex.o
                0x080025b8                HAL_PWREx_EnableUSBVoltageDetector
 .text.HAL_RCC_OscConfig
                0x080025d8      0x8b4 ./Drivers/STM32H7xx_HAL_Driver/Src/stm32h7xx_hal_rcc.o
                0x080025d8                HAL_RCC_OscConfig
 .text.HAL_RCC_ClockConfig
                0x08002e8c      0x36c ./Drivers/STM32H7xx_HAL_Driver/Src/stm32h7xx_hal_rcc.o
                0x08002e8c                HAL_RCC_ClockConfig
 .text.HAL_RCC_GetSysClockFreq
                0x080031f8      0x2f4 ./Drivers/STM32H7xx_HAL_Driver/Src/stm32h7xx_hal_rcc.o
                0x080031f8                HAL_RCC_GetSysClockFreq
 .text.HAL_RCC_GetHCLKFreq
                0x080034ec       0x60 ./Drivers/STM32H7xx_HAL_Driver/Src/stm32h7xx_hal_rcc.o
                0x080034ec                HAL_RCC_GetHCLKFreq
 .text.HAL_RCCEx_PeriphCLKConfig
                0x0800354c     0x1414 ./Drivers/STM32H7xx_HAL_Driver/Src/stm32h7xx_hal_rcc_ex.o
                0x0800354c                HAL_RCCEx_PeriphCLKConfig
 .text.RCCEx_PLL2_Config
                0x08004960      0x164 ./Drivers/STM32H7xx_HAL_Driver/Src/stm32h7xx_hal_rcc_ex.o
 .text.RCCEx_PLL3_Config
                0x08004ac4      0x164 ./Drivers/STM32H7xx_HAL_Driver/Src/stm32h7xx_hal_rcc_ex.o
 .text.USB_CoreInit
                0x08004c28       0xe4 ./Drivers/STM32H7xx_HAL_Driver/Src/stm32h7xx_ll_usb.o
                0x08004c28                USB_CoreInit
 .text.USB_SetTurnaroundTime
                0x08004d0c      0x144 ./Drivers/STM32H7xx_HAL_Driver/Src/stm32h7xx_ll_usb.o
                0x08004d0c                USB_SetTurnaroundTime
 .text.USB_EnableGlobalInt
                0x08004e50       0x22 ./Drivers/STM32H7xx_HAL_Driver/Src/stm32h7xx_ll_usb.o
                0x08004e50                USB_EnableGlobalInt
 .text.USB_DisableGlobalInt
                0x08004e72       0x22 ./Drivers/STM32H7xx_HAL_Driver/Src/stm32h7xx_ll_usb.o
                0x08004e72                USB_DisableGlobalInt
 .text.USB_SetCurrentMode
                0x08004e94       0x98 ./Drivers/STM32H7xx_HAL_Driver/Src/stm32h7xx_ll_usb.o
                0x08004e94                USB_SetCurrentMode
 .text.USB_DevInit
                0x08004f2c      0x2bc ./Drivers/STM32H7xx_HAL_Driver/Src/stm32h7xx_ll_usb.o
                0x08004f2c                USB_DevInit
 .text.USB_FlushTxFifo
                0x080051e8       0x64 ./Drivers/STM32H7xx_HAL_Driver/Src/stm32h7xx_ll_usb.o
                0x080051e8                USB_FlushTxFifo
 .text.USB_FlushRxFifo
                0x0800524c       0x5c ./Drivers/STM32H7xx_HAL_Driver/Src/stm32h7xx_ll_usb.o
                0x0800524c                USB_FlushRxFifo
 .text.USB_SetDevSpeed
                0x080052a8       0x32 ./Drivers/STM32H7xx_HAL_Driver/Src/stm32h7xx_ll_usb.o
                0x080052a8                USB_SetDevSpeed
 .text.USB_GetDevSpeed
                0x080052da       0x4a ./Drivers/STM32H7xx_HAL_Driver/Src/stm32h7xx_ll_usb.o
                0x080052da                USB_GetDevSpeed
 .text.USB_ActivateEndpoint
                0x08005324      0x110 ./Drivers/STM32H7xx_HAL_Driver/Src/stm32h7xx_ll_usb.o
                0x08005324                USB_ActivateEndpoint
 .text.USB_DeactivateEndpoint
                0x08005434      0x1b8 ./Drivers/STM32H7xx_HAL_Driver/Src/stm32h7xx_ll_usb.o
                0x08005434                USB_DeactivateEndpoint
 .text.USB_EPStartXfer
                0x080055ec      0x548 ./Drivers/STM32H7xx_HAL_Driver/Src/stm32h7xx_ll_usb.o
                0x080055ec                USB_EPStartXfer
 .text.USB_EPStopXfer
                0x08005b34      0x154 ./Drivers/STM32H7xx_HAL_Driver/Src/stm32h7xx_ll_usb.o
                0x08005b34                USB_EPStopXfer
 .text.USB_WritePacket
                0x08005c88       0x7c ./Drivers/STM32H7xx_HAL_Driver/Src/stm32h7xx_ll_usb.o
                0x08005c88                USB_WritePacket
 .text.USB_ReadPacket
                0x08005d04       0xb0 ./Drivers/STM32H7xx_HAL_Driver/Src/stm32h7xx_ll_usb.o
                0x08005d04                USB_ReadPacket
 .text.USB_EPSetStall
                0x08005db4       0xdc ./Drivers/STM32H7xx_HAL_Driver/Src/stm32h7xx_ll_usb.o
                0x08005db4                USB_EPSetStall
 .text.USB_EPClearStall
                0x08005e90       0xcc ./Drivers/STM32H7xx_HAL_Driver/Src/stm32h7xx_ll_usb.o
                0x08005e90                USB_EPClearStall
 .text.USB_SetDevAddress
                0x08005f5c       0x4c ./Drivers/STM32H7xx_HAL_Driver/Src/stm32h7xx_ll_usb.o
                0x08005f5c                USB_SetDevAddress
 .text.USB_DevConnect
                0x08005fa8       0x42 ./Drivers/STM32H7xx_HAL_Driver/Src/stm32h7xx_ll_usb.o
                0x08005fa8                USB_DevConnect
 .text.USB_DevDisconnect
                0x08005fea       0x42 ./Drivers/STM32H7xx_HAL_Driver/Src/stm32h7xx_ll_usb.o
                0x08005fea                USB_DevDisconnect
 .text.USB_ReadInterrupts
                0x0800602c       0x26 ./Drivers/STM32H7xx_HAL_Driver/Src/stm32h7xx_ll_usb.o
                0x0800602c                USB_ReadInterrupts
 .text.USB_ReadDevAllOutEpInterrupt
                0x08006052       0x34 ./Drivers/STM32H7xx_HAL_Driver/Src/stm32h7xx_ll_usb.o
                0x08006052                USB_ReadDevAllOutEpInterrupt
 .text.USB_ReadDevAllInEpInterrupt
                0x08006086       0x34 ./Drivers/STM32H7xx_HAL_Driver/Src/stm32h7xx_ll_usb.o
                0x08006086                USB_ReadDevAllInEpInterrupt
 .text.USB_ReadDevOutEPInterrupt
                0x080060ba       0x3c ./Drivers/STM32H7xx_HAL_Driver/Src/stm32h7xx_ll_usb.o
                0x080060ba                USB_ReadDevOutEPInterrupt
 .text.USB_ReadDevInEPInterrupt
                0x080060f6       0x5c ./Drivers/STM32H7xx_HAL_Driver/Src/stm32h7xx_ll_usb.o
                0x080060f6                USB_ReadDevInEPInterrupt
 .text.USB_GetMode
                0x08006152       0x1c ./Drivers/STM32H7xx_HAL_Driver/Src/stm32h7xx_ll_usb.o
                0x08006152                USB_GetMode
 *fill*         0x0800616e        0x2 
 .text.USB_ActivateSetup
                0x08006170       0x48 ./Drivers/STM32H7xx_HAL_Driver/Src/stm32h7xx_ll_usb.o
                0x08006170                USB_ActivateSetup
 .text.USB_EP0_OutStart
                0x080061b8       0xbc ./Drivers/STM32H7xx_HAL_Driver/Src/stm32h7xx_ll_usb.o
                0x080061b8                USB_EP0_OutStart
 .text.USB_CoreReset
                0x08006274       0x62 ./Drivers/STM32H7xx_HAL_Driver/Src/stm32h7xx_ll_usb.o
 *fill*         0x080062d6        0x2 
 .text.USBD_CDC_Init
                0x080062d8      0x1f0 ./Middlewares/ST/STM32_USB_Device_Library/Class/CDC/Src/usbd_cdc.o
 .text.USBD_CDC_DeInit
                0x080064c8      0x104 ./Middlewares/ST/STM32_USB_Device_Library/Class/CDC/Src/usbd_cdc.o
 .text.USBD_CDC_Setup
                0x080065cc      0x1b8 ./Middlewares/ST/STM32_USB_Device_Library/Class/CDC/Src/usbd_cdc.o
 .text.USBD_CDC_DataIn
                0x08006784       0xfe ./Middlewares/ST/STM32_USB_Device_Library/Class/CDC/Src/usbd_cdc.o
 .text.USBD_CDC_DataOut
                0x08006882       0x70 ./Middlewares/ST/STM32_USB_Device_Library/Class/CDC/Src/usbd_cdc.o
 .text.USBD_CDC_EP0_RxReady
                0x080068f2       0x74 ./Middlewares/ST/STM32_USB_Device_Library/Class/CDC/Src/usbd_cdc.o
 *fill*         0x08006966        0x2 
 .text.USBD_CDC_GetFSCfgDesc
                0x08006968       0x70 ./Middlewares/ST/STM32_USB_Device_Library/Class/CDC/Src/usbd_cdc.o
 .text.USBD_CDC_GetHSCfgDesc
                0x080069d8       0x70 ./Middlewares/ST/STM32_USB_Device_Library/Class/CDC/Src/usbd_cdc.o
 .text.USBD_CDC_GetOtherSpeedCfgDesc
                0x08006a48       0x70 ./Middlewares/ST/STM32_USB_Device_Library/Class/CDC/Src/usbd_cdc.o
 .text.USBD_CDC_GetDeviceQualifierDescriptor
                0x08006ab8       0x20 ./Middlewares/ST/STM32_USB_Device_Library/Class/CDC/Src/usbd_cdc.o
                0x08006ab8                USBD_CDC_GetDeviceQualifierDescriptor
 .text.USBD_CDC_RegisterInterface
                0x08006ad8       0x34 ./Middlewares/ST/STM32_USB_Device_Library/Class/CDC/Src/usbd_cdc.o
                0x08006ad8                USBD_CDC_RegisterInterface
 .text.USBD_CDC_SetTxBuffer
                0x08006b0c       0x44 ./Middlewares/ST/STM32_USB_Device_Library/Class/CDC/Src/usbd_cdc.o
                0x08006b0c                USBD_CDC_SetTxBuffer
 .text.USBD_CDC_SetRxBuffer
                0x08006b50       0x3a ./Middlewares/ST/STM32_USB_Device_Library/Class/CDC/Src/usbd_cdc.o
                0x08006b50                USBD_CDC_SetRxBuffer
 *fill*         0x08006b8a        0x2 
 .text.USBD_CDC_ReceivePacket
                0x08006b8c       0x6c ./Middlewares/ST/STM32_USB_Device_Library/Class/CDC/Src/usbd_cdc.o
                0x08006b8c                USBD_CDC_ReceivePacket
 .text.USBD_Init
                0x08006bf8       0x60 ./Middlewares/ST/STM32_USB_Device_Library/Core/Src/usbd_core.o
                0x08006bf8                USBD_Init
 .text.USBD_RegisterClass
                0x08006c58       0x6c ./Middlewares/ST/STM32_USB_Device_Library/Core/Src/usbd_core.o
                0x08006c58                USBD_RegisterClass
 .text.USBD_Start
                0x08006cc4       0x18 ./Middlewares/ST/STM32_USB_Device_Library/Core/Src/usbd_core.o
                0x08006cc4                USBD_Start
 .text.USBD_RunTestMode
                0x08006cdc       0x16 ./Middlewares/ST/STM32_USB_Device_Library/Core/Src/usbd_core.o
                0x08006cdc                USBD_RunTestMode
 .text.USBD_SetClassConfig
                0x08006cf2       0x38 ./Middlewares/ST/STM32_USB_Device_Library/Core/Src/usbd_core.o
                0x08006cf2                USBD_SetClassConfig
 .text.USBD_ClrClassConfig
                0x08006d2a       0x34 ./Middlewares/ST/STM32_USB_Device_Library/Core/Src/usbd_core.o
                0x08006d2a                USBD_ClrClassConfig
 .text.USBD_LL_SetupStage
                0x08006d5e       0xaa ./Middlewares/ST/STM32_USB_Device_Library/Core/Src/usbd_core.o
                0x08006d5e                USBD_LL_SetupStage
 .text.USBD_LL_DataOutStage
                0x08006e08      0x166 ./Middlewares/ST/STM32_USB_Device_Library/Core/Src/usbd_core.o
                0x08006e08                USBD_LL_DataOutStage
 .text.USBD_LL_DataInStage
                0x08006f6e      0x164 ./Middlewares/ST/STM32_USB_Device_Library/Core/Src/usbd_core.o
                0x08006f6e                USBD_LL_DataInStage
 .text.USBD_LL_Reset
                0x080070d2       0xa4 ./Middlewares/ST/STM32_USB_Device_Library/Core/Src/usbd_core.o
                0x080070d2                USBD_LL_Reset
 .text.USBD_LL_SetSpeed
                0x08007176       0x20 ./Middlewares/ST/STM32_USB_Device_Library/Core/Src/usbd_core.o
                0x08007176                USBD_LL_SetSpeed
 .text.USBD_LL_Suspend
                0x08007196       0x38 ./Middlewares/ST/STM32_USB_Device_Library/Core/Src/usbd_core.o
                0x08007196                USBD_LL_Suspend
 .text.USBD_LL_Resume
                0x080071ce       0x30 ./Middlewares/ST/STM32_USB_Device_Library/Core/Src/usbd_core.o
                0x080071ce                USBD_LL_Resume
 .text.USBD_LL_SOF
                0x080071fe       0x40 ./Middlewares/ST/STM32_USB_Device_Library/Core/Src/usbd_core.o
                0x080071fe                USBD_LL_SOF
 .text.USBD_LL_IsoINIncomplete
                0x0800723e       0x64 ./Middlewares/ST/STM32_USB_Device_Library/Core/Src/usbd_core.o
                0x0800723e                USBD_LL_IsoINIncomplete
 .text.USBD_LL_IsoOUTIncomplete
                0x080072a2       0x64 ./Middlewares/ST/STM32_USB_Device_Library/Core/Src/usbd_core.o
                0x080072a2                USBD_LL_IsoOUTIncomplete
 .text.USBD_LL_DevConnected
                0x08007306       0x16 ./Middlewares/ST/STM32_USB_Device_Library/Core/Src/usbd_core.o
                0x08007306                USBD_LL_DevConnected
 .text.USBD_LL_DevDisconnected
                0x0800731c       0x46 ./Middlewares/ST/STM32_USB_Device_Library/Core/Src/usbd_core.o
                0x0800731c                USBD_LL_DevDisconnected
 .text.USBD_CoreFindIF
                0x08007362       0x1a ./Middlewares/ST/STM32_USB_Device_Library/Core/Src/usbd_core.o
                0x08007362                USBD_CoreFindIF
 .text.USBD_CoreFindEP
                0x0800737c       0x1a ./Middlewares/ST/STM32_USB_Device_Library/Core/Src/usbd_core.o
                0x0800737c                USBD_CoreFindEP
 .text.USBD_GetEpDesc
                0x08007396       0x70 ./Middlewares/ST/STM32_USB_Device_Library/Core/Src/usbd_core.o
                0x08007396                USBD_GetEpDesc
 .text.USBD_GetNextDesc
                0x08007406       0x38 ./Middlewares/ST/STM32_USB_Device_Library/Core/Src/usbd_core.o
                0x08007406                USBD_GetNextDesc
 .text.SWAPBYTE
                0x0800743e       0x3e ./Middlewares/ST/STM32_USB_Device_Library/Core/Src/usbd_ctlreq.o
 .text.USBD_StdDevReq
                0x0800747c       0xe4 ./Middlewares/ST/STM32_USB_Device_Library/Core/Src/usbd_ctlreq.o
                0x0800747c                USBD_StdDevReq
 .text.USBD_StdItfReq
                0x08007560       0xd8 ./Middlewares/ST/STM32_USB_Device_Library/Core/Src/usbd_ctlreq.o
                0x08007560                USBD_StdItfReq
 .text.USBD_StdEPReq
                0x08007638      0x33a ./Middlewares/ST/STM32_USB_Device_Library/Core/Src/usbd_ctlreq.o
                0x08007638                USBD_StdEPReq
 *fill*         0x08007972        0x2 
 .text.USBD_GetDescriptor
                0x08007974      0x328 ./Middlewares/ST/STM32_USB_Device_Library/Core/Src/usbd_ctlreq.o
 .text.USBD_SetAddress
                0x08007c9c       0x88 ./Middlewares/ST/STM32_USB_Device_Library/Core/Src/usbd_ctlreq.o
 .text.USBD_SetConfig
                0x08007d24      0x154 ./Middlewares/ST/STM32_USB_Device_Library/Core/Src/usbd_ctlreq.o
 .text.USBD_GetConfig
                0x08007e78       0x6c ./Middlewares/ST/STM32_USB_Device_Library/Core/Src/usbd_ctlreq.o
 .text.USBD_GetStatus
                0x08007ee4       0x68 ./Middlewares/ST/STM32_USB_Device_Library/Core/Src/usbd_ctlreq.o
 .text.USBD_SetFeature
                0x08007f4c       0x52 ./Middlewares/ST/STM32_USB_Device_Library/Core/Src/usbd_ctlreq.o
 .text.USBD_ClrFeature
                0x08007f9e       0x44 ./Middlewares/ST/STM32_USB_Device_Library/Core/Src/usbd_ctlreq.o
 .text.USBD_ParseSetupRequest
                0x08007fe2       0x74 ./Middlewares/ST/STM32_USB_Device_Library/Core/Src/usbd_ctlreq.o
                0x08007fe2                USBD_ParseSetupRequest
 .text.USBD_CtlError
                0x08008056       0x22 ./Middlewares/ST/STM32_USB_Device_Library/Core/Src/usbd_ctlreq.o
                0x08008056                USBD_CtlError
 .text.USBD_GetString
                0x08008078       0xa4 ./Middlewares/ST/STM32_USB_Device_Library/Core/Src/usbd_ctlreq.o
                0x08008078                USBD_GetString
 .text.USBD_GetLen
                0x0800811c       0x34 ./Middlewares/ST/STM32_USB_Device_Library/Core/Src/usbd_ctlreq.o
 .text.USBD_CtlSendData
                0x08008150       0x36 ./Middlewares/ST/STM32_USB_Device_Library/Core/Src/usbd_ioreq.o
                0x08008150                USBD_CtlSendData
 .text.USBD_CtlContinueSendData
                0x08008186       0x22 ./Middlewares/ST/STM32_USB_Device_Library/Core/Src/usbd_ioreq.o
                0x08008186                USBD_CtlContinueSendData
 .text.USBD_CtlPrepareRx
                0x080081a8       0x3a ./Middlewares/ST/STM32_USB_Device_Library/Core/Src/usbd_ioreq.o
                0x080081a8                USBD_CtlPrepareRx
 .text.USBD_CtlContinueRx
                0x080081e2       0x22 ./Middlewares/ST/STM32_USB_Device_Library/Core/Src/usbd_ioreq.o
                0x080081e2                USBD_CtlContinueRx
 .text.USBD_CtlSendStatus
                0x08008204       0x26 ./Middlewares/ST/STM32_USB_Device_Library/Core/Src/usbd_ioreq.o
                0x08008204                USBD_CtlSendStatus
 .text.USBD_CtlReceiveStatus
                0x0800822a       0x26 ./Middlewares/ST/STM32_USB_Device_Library/Core/Src/usbd_ioreq.o
                0x0800822a                USBD_CtlReceiveStatus
 .text.MX_USB_DEVICE_Init
                0x08008250       0x64 ./USB_DEVICE/App/usb_device.o
                0x08008250                MX_USB_DEVICE_Init
 .text.CDC_Init_FS
                0x080082b4       0x28 ./USB_DEVICE/App/usbd_cdc_if.o
 .text.CDC_DeInit_FS
                0x080082dc       0x10 ./USB_DEVICE/App/usbd_cdc_if.o
 .text.CDC_Control_FS
                0x080082ec       0xbc ./USB_DEVICE/App/usbd_cdc_if.o
 .text.CDC_Receive_FS
                0x080083a8       0x28 ./USB_DEVICE/App/usbd_cdc_if.o
 .text.CDC_TransmitCplt_FS
                0x080083d0       0x22 ./USB_DEVICE/App/usbd_cdc_if.o
 *fill*         0x080083f2        0x2 
 .text.USBD_FS_DeviceDescriptor
                0x080083f4       0x24 ./USB_DEVICE/App/usbd_desc.o
                0x080083f4                USBD_FS_DeviceDescriptor
 .text.USBD_FS_LangIDStrDescriptor
                0x08008418       0x24 ./USB_DEVICE/App/usbd_desc.o
                0x08008418                USBD_FS_LangIDStrDescriptor
 .text.USBD_FS_ProductStrDescriptor
                0x0800843c       0x3c ./USB_DEVICE/App/usbd_desc.o
                0x0800843c                USBD_FS_ProductStrDescriptor
 .text.USBD_FS_ManufacturerStrDescriptor
                0x08008478       0x28 ./USB_DEVICE/App/usbd_desc.o
                0x08008478                USBD_FS_ManufacturerStrDescriptor
 .text.USBD_FS_SerialStrDescriptor
                0x080084a0       0x24 ./USB_DEVICE/App/usbd_desc.o
                0x080084a0                USBD_FS_SerialStrDescriptor
 .text.USBD_FS_ConfigStrDescriptor
                0x080084c4       0x3c ./USB_DEVICE/App/usbd_desc.o
                0x080084c4                USBD_FS_ConfigStrDescriptor
 .text.USBD_FS_InterfaceStrDescriptor
                0x08008500       0x3c ./USB_DEVICE/App/usbd_desc.o
                0x08008500                USBD_FS_InterfaceStrDescriptor
 .text.Get_SerialNum
                0x0800853c       0x58 ./USB_DEVICE/App/usbd_desc.o
 .text.IntToUnicode
                0x08008594       0x7e ./USB_DEVICE/App/usbd_desc.o
 *fill*         0x08008612        0x2 
 .text.HAL_PCD_MspInit
                0x08008614       0xf8 ./USB_DEVICE/Target/usbd_conf.o
                0x08008614                HAL_PCD_MspInit
 .text.HAL_PCD_SetupStageCallback
                0x0800870c       0x24 ./USB_DEVICE/Target/usbd_conf.o
                0x0800870c                HAL_PCD_SetupStageCallback
 .text.HAL_PCD_DataOutStageCallback
                0x08008730       0x36 ./USB_DEVICE/Target/usbd_conf.o
                0x08008730                HAL_PCD_DataOutStageCallback
 .text.HAL_PCD_DataInStageCallback
                0x08008766       0x34 ./USB_DEVICE/Target/usbd_conf.o
                0x08008766                HAL_PCD_DataInStageCallback
 .text.HAL_PCD_SOFCallback
                0x0800879a       0x1c ./USB_DEVICE/Target/usbd_conf.o
                0x0800879a                HAL_PCD_SOFCallback
 .text.HAL_PCD_ResetCallback
                0x080087b6       0x50 ./USB_DEVICE/Target/usbd_conf.o
                0x080087b6                HAL_PCD_ResetCallback
 *fill*         0x08008806        0x2 
 .text.HAL_PCD_SuspendCallback
                0x08008808       0x4c ./USB_DEVICE/Target/usbd_conf.o
                0x08008808                HAL_PCD_SuspendCallback
 .text.HAL_PCD_ResumeCallback
                0x08008854       0x1c ./USB_DEVICE/Target/usbd_conf.o
                0x08008854                HAL_PCD_ResumeCallback
 .text.HAL_PCD_ISOOUTIncompleteCallback
                0x08008870       0x24 ./USB_DEVICE/Target/usbd_conf.o
                0x08008870                HAL_PCD_ISOOUTIncompleteCallback
 .text.HAL_PCD_ISOINIncompleteCallback
                0x08008894       0x24 ./USB_DEVICE/Target/usbd_conf.o
                0x08008894                HAL_PCD_ISOINIncompleteCallback
 .text.HAL_PCD_ConnectCallback
                0x080088b8       0x1c ./USB_DEVICE/Target/usbd_conf.o
                0x080088b8                HAL_PCD_ConnectCallback
 .text.HAL_PCD_DisconnectCallback
                0x080088d4       0x1c ./USB_DEVICE/Target/usbd_conf.o
                0x080088d4                HAL_PCD_DisconnectCallback
 .text.USBD_LL_Init
                0x080088f0       0xa0 ./USB_DEVICE/Target/usbd_conf.o
                0x080088f0                USBD_LL_Init
 .text.USBD_LL_Start
                0x08008990       0x36 ./USB_DEVICE/Target/usbd_conf.o
                0x08008990                USBD_LL_Start
 .text.USBD_LL_OpenEP
                0x080089c6       0x4c ./USB_DEVICE/Target/usbd_conf.o
                0x080089c6                USBD_LL_OpenEP
 .text.USBD_LL_CloseEP
                0x08008a12       0x3e ./USB_DEVICE/Target/usbd_conf.o
                0x08008a12                USBD_LL_CloseEP
 .text.USBD_LL_StallEP
                0x08008a50       0x3e ./USB_DEVICE/Target/usbd_conf.o
                0x08008a50                USBD_LL_StallEP
 .text.USBD_LL_ClearStallEP
                0x08008a8e       0x3e ./USB_DEVICE/Target/usbd_conf.o
                0x08008a8e                USBD_LL_ClearStallEP
 .text.USBD_LL_IsStallEP
                0x08008acc       0x58 ./USB_DEVICE/Target/usbd_conf.o
                0x08008acc                USBD_LL_IsStallEP
 .text.USBD_LL_SetUSBAddress
                0x08008b24       0x3e ./USB_DEVICE/Target/usbd_conf.o
                0x08008b24                USBD_LL_SetUSBAddress
 .text.USBD_LL_Transmit
                0x08008b62       0x42 ./USB_DEVICE/Target/usbd_conf.o
                0x08008b62                USBD_LL_Transmit
 .text.USBD_LL_PrepareReceive
                0x08008ba4       0x42 ./USB_DEVICE/Target/usbd_conf.o
                0x08008ba4                USBD_LL_PrepareReceive
 .text.USBD_LL_GetRxDataSize
                0x08008be6       0x26 ./USB_DEVICE/Target/usbd_conf.o
                0x08008be6                USBD_LL_GetRxDataSize
 .text.USBD_static_malloc
                0x08008c0c       0x1c ./USB_DEVICE/Target/usbd_conf.o
                0x08008c0c                USBD_static_malloc
 .text.USBD_static_free
                0x08008c28       0x14 ./USB_DEVICE/Target/usbd_conf.o
                0x08008c28                USBD_static_free
 .text.USBD_Get_USB_Status
                0x08008c3c       0x58 ./USB_DEVICE/Target/usbd_conf.o
                0x08008c3c                USBD_Get_USB_Status
 .text.memset   0x08008c94       0x10 C:/ST/STM32CubeIDE_1.19.0/STM32CubeIDE/plugins/com.st.stm32cube.ide.mcu.externaltools.gnu-tools-for-stm32.13.3.rel1.win32_1.0.0.202411081344/tools/bin/../lib/gcc/arm-none-eabi/13.3.1/../../../../arm-none-eabi/lib/thumb/v7e-m+dp/hard\libc_nano.a(libc_a-memset.o)
                0x08008c94                memset
 .text.__libc_init_array
                0x08008ca4       0x48 C:/ST/STM32CubeIDE_1.19.0/STM32CubeIDE/plugins/com.st.stm32cube.ide.mcu.externaltools.gnu-tools-for-stm32.13.3.rel1.win32_1.0.0.202411081344/tools/bin/../lib/gcc/arm-none-eabi/13.3.1/../../../../arm-none-eabi/lib/thumb/v7e-m+dp/hard\libc_nano.a(libc_a-init.o)
                0x08008ca4                __libc_init_array
 *(.glue_7)
 .glue_7        0x08008cec        0x0 linker stubs
 *(.glue_7t)
 .glue_7t       0x08008cec        0x0 linker stubs
 *(.eh_frame)
 .eh_frame      0x08008cec        0x0 C:/ST/STM32CubeIDE_1.19.0/STM32CubeIDE/plugins/com.st.stm32cube.ide.mcu.externaltools.gnu-tools-for-stm32.13.3.rel1.win32_1.0.0.202411081344/tools/bin/../lib/gcc/arm-none-eabi/13.3.1/thumb/v7e-m+dp/hard/crtbegin.o
 *(.init)
 .init          0x08008cec        0x4 C:/ST/STM32CubeIDE_1.19.0/STM32CubeIDE/plugins/com.st.stm32cube.ide.mcu.externaltools.gnu-tools-for-stm32.13.3.rel1.win32_1.0.0.202411081344/tools/bin/../lib/gcc/arm-none-eabi/13.3.1/thumb/v7e-m+dp/hard/crti.o
                0x08008cec                _init
 .init          0x08008cf0        0x8 C:/ST/STM32CubeIDE_1.19.0/STM32CubeIDE/plugins/com.st.stm32cube.ide.mcu.externaltools.gnu-tools-for-stm32.13.3.rel1.win32_1.0.0.202411081344/tools/bin/../lib/gcc/arm-none-eabi/13.3.1/thumb/v7e-m+dp/hard/crtn.o
 *(.fini)
 .fini          0x08008cf8        0x4 C:/ST/STM32CubeIDE_1.19.0/STM32CubeIDE/plugins/com.st.stm32cube.ide.mcu.externaltools.gnu-tools-for-stm32.13.3.rel1.win32_1.0.0.202411081344/tools/bin/../lib/gcc/arm-none-eabi/13.3.1/thumb/v7e-m+dp/hard/crti.o
                0x08008cf8                _fini
 .fini          0x08008cfc        0x8 C:/ST/STM32CubeIDE_1.19.0/STM32CubeIDE/plugins/com.st.stm32cube.ide.mcu.externaltools.gnu-tools-for-stm32.13.3.rel1.win32_1.0.0.202411081344/tools/bin/../lib/gcc/arm-none-eabi/13.3.1/thumb/v7e-m+dp/hard/crtn.o
                0x08008d04                        . = ALIGN (0x4)
                0x08008d04                        _etext = .

.vfp11_veneer   0x08008d04        0x0
 .vfp11_veneer  0x08008d04        0x0 linker stubs

.v4_bx          0x08008d04        0x0
 .v4_bx         0x08008d04        0x0 linker stubs

.iplt           0x08008d04        0x0
 .iplt          0x08008d04        0x0 C:/ST/STM32CubeIDE_1.19.0/STM32CubeIDE/plugins/com.st.stm32cube.ide.mcu.externaltools.gnu-tools-for-stm32.13.3.rel1.win32_1.0.0.202411081344/tools/bin/../lib/gcc/arm-none-eabi/13.3.1/thumb/v7e-m+dp/hard/crtbegin.o

.rodata         0x08008d04       0x58
                0x08008d04                        . = ALIGN (0x4)
 *(.rodata)
 .rodata        0x08008d04       0x46 ./USB_DEVICE/App/usbd_desc.o
 *(.rodata*)
 .rodata.LED_PIN.1
                0x08008d4a        0x2 ./Core/Src/main.o
 .rodata.D1CorePrescTable
                0x08008d4c       0x10 ./Core/Src/system_stm32h7xx.o
                0x08008d4c                D1CorePrescTable
                0x08008d5c                        . = ALIGN (0x4)

.ARM.extab
 *(.ARM.extab* .gnu.linkonce.armextab.*)

.ARM            0x08008d5c        0x0
                0x08008d5c                        __exidx_start = .
 *(.ARM.exidx*)
                0x08008d5c                        __exidx_end = .

.preinit_array  0x08008d5c        0x0
                0x08008d5c                        PROVIDE (__preinit_array_start = .)
 *(.preinit_array*)
                0x08008d5c                        PROVIDE (__preinit_array_end = .)

.init_array     0x08008d5c        0x4
                0x08008d5c                        PROVIDE (__init_array_start = .)
 *(SORT_BY_NAME(.init_array.*))
 *(.init_array*)
 .init_array    0x08008d5c        0x4 C:/ST/STM32CubeIDE_1.19.0/STM32CubeIDE/plugins/com.st.stm32cube.ide.mcu.externaltools.gnu-tools-for-stm32.13.3.rel1.win32_1.0.0.202411081344/tools/bin/../lib/gcc/arm-none-eabi/13.3.1/thumb/v7e-m+dp/hard/crtbegin.o
                0x08008d60                        PROVIDE (__init_array_end = .)

.fini_array     0x08008d60        0x4
                [!provide]                        PROVIDE (__fini_array_start = .)
 *(SORT_BY_NAME(.fini_array.*))
 *(.fini_array*)
 .fini_array    0x08008d60        0x4 C:/ST/STM32CubeIDE_1.19.0/STM32CubeIDE/plugins/com.st.stm32cube.ide.mcu.externaltools.gnu-tools-for-stm32.13.3.rel1.win32_1.0.0.202411081344/tools/bin/../lib/gcc/arm-none-eabi/13.3.1/thumb/v7e-m+dp/hard/crtbegin.o
                [!provide]                        PROVIDE (__fini_array_end = .)
                0x08008d64                        _sidata = LOADADDR (.data)

.rel.dyn        0x08008d64        0x0
 .rel.iplt      0x08008d64        0x0 C:/ST/STM32CubeIDE_1.19.0/STM32CubeIDE/plugins/com.st.stm32cube.ide.mcu.externaltools.gnu-tools-for-stm32.13.3.rel1.win32_1.0.0.202411081344/tools/bin/../lib/gcc/arm-none-eabi/13.3.1/thumb/v7e-m+dp/hard/crtbegin.o

.data           0x24000000      0x108 load address 0x08008d64
                0x24000000                        . = ALIGN (0x4)
                0x24000000                        _sdata = .
 *(.data)
 *(.data*)
 .data.LED_PORT.2
                0x24000000        0x4 ./Core/Src/main.o
 .data.SystemCoreClock
                0x24000004        0x4 ./Core/Src/system_stm32h7xx.o
                0x24000004                SystemCoreClock
 .data.SystemD2Clock
                0x24000008        0x4 ./Core/Src/system_stm32h7xx.o
                0x24000008                SystemD2Clock
 .data.uwTickPrio
                0x2400000c        0x4 ./Drivers/STM32H7xx_HAL_Driver/Src/stm32h7xx_hal.o
                0x2400000c                uwTickPrio
 .data.uwTickFreq
                0x24000010        0x1 ./Drivers/STM32H7xx_HAL_Driver/Src/stm32h7xx_hal.o
                0x24000010                uwTickFreq
 *fill*         0x24000011        0x3 
 .data.USBD_CDC_DeviceQualifierDesc
                0x24000014        0xa ./Middlewares/ST/STM32_USB_Device_Library/Class/CDC/Src/usbd_cdc.o
 *fill*         0x2400001e        0x2 
 .data.USBD_CDC
                0x24000020       0x38 ./Middlewares/ST/STM32_USB_Device_Library/Class/CDC/Src/usbd_cdc.o
                0x24000020                USBD_CDC
 .data.USBD_CDC_CfgDesc
                0x24000058       0x43 ./Middlewares/ST/STM32_USB_Device_Library/Class/CDC/Src/usbd_cdc.o
 .data.CDCInEpAdd
                0x2400009b        0x1 ./Middlewares/ST/STM32_USB_Device_Library/Class/CDC/Src/usbd_cdc.o
 .data.CDCOutEpAdd
                0x2400009c        0x1 ./Middlewares/ST/STM32_USB_Device_Library/Class/CDC/Src/usbd_cdc.o
 .data.CDCCmdEpAdd
                0x2400009d        0x1 ./Middlewares/ST/STM32_USB_Device_Library/Class/CDC/Src/usbd_cdc.o
 *fill*         0x2400009e        0x2 
 .data.USBD_Interface_fops_FS
                0x240000a0       0x14 ./USB_DEVICE/App/usbd_cdc_if.o
                0x240000a0                USBD_Interface_fops_FS
 .data.FS_Desc  0x240000b4       0x20 ./USB_DEVICE/App/usbd_desc.o
                0x240000b4                FS_Desc
 .data.USBD_FS_DeviceDesc
                0x240000d4       0x12 ./USB_DEVICE/App/usbd_desc.o
                0x240000d4                USBD_FS_DeviceDesc
 *fill*         0x240000e6        0x2 
 .data.USBD_LangIDDesc
                0x240000e8        0x4 ./USB_DEVICE/App/usbd_desc.o
                0x240000e8                USBD_LangIDDesc
 .data.USBD_StringSerial
                0x240000ec       0x1a ./USB_DEVICE/App/usbd_desc.o
                0x240000ec                USBD_StringSerial
 *(.RamFunc)
 *(.RamFunc*)
                0x24000108                        . = ALIGN (0x4)
 *fill*         0x24000106        0x2 
                0x24000108                        _edata = .

.igot.plt       0x24000108        0x0 load address 0x08008e6c
 .igot.plt      0x24000108        0x0 C:/ST/STM32CubeIDE_1.19.0/STM32CubeIDE/plugins/com.st.stm32cube.ide.mcu.externaltools.gnu-tools-for-stm32.13.3.rel1.win32_1.0.0.202411081344/tools/bin/../lib/gcc/arm-none-eabi/13.3.1/thumb/v7e-m+dp/hard/crtbegin.o
                0x24000108                        . = ALIGN (0x4)

.bss            0x24000108     0x1c08 load address 0x08008e6c
                0x24000108                        _sbss = .
                0x24000108                        __bss_start__ = _sbss
 *(.bss)
 .bss           0x24000108       0x1c C:/ST/STM32CubeIDE_1.19.0/STM32CubeIDE/plugins/com.st.stm32cube.ide.mcu.externaltools.gnu-tools-for-stm32.13.3.rel1.win32_1.0.0.202411081344/tools/bin/../lib/gcc/arm-none-eabi/13.3.1/thumb/v7e-m+dp/hard/crtbegin.o
 *(.bss*)
 .bss.kov_kapcs_ido.0
                0x24000124        0x4 ./Core/Src/main.o
 .bss.uwTick    0x24000128        0x4 ./Drivers/STM32H7xx_HAL_Driver/Src/stm32h7xx_hal.o
                0x24000128                uwTick
 .bss.cfgidx.0  0x2400012c        0x1 ./Middlewares/ST/STM32_USB_Device_Library/Core/Src/usbd_ctlreq.o
 *fill*         0x2400012d        0x3 
 .bss.hUsbDeviceFS
                0x24000130      0x2dc ./USB_DEVICE/App/usb_device.o
                0x24000130                hUsbDeviceFS
 .bss.UserRxBufferFS
                0x2400040c      0x800 ./USB_DEVICE/App/usbd_cdc_if.o
                0x2400040c                UserRxBufferFS
 .bss.UserTxBufferFS
                0x24000c0c      0x800 ./USB_DEVICE/App/usbd_cdc_if.o
                0x24000c0c                UserTxBufferFS
 .bss.USBD_StrDesc
                0x2400140c      0x200 ./USB_DEVICE/App/usbd_desc.o
                0x2400140c                USBD_StrDesc
 .bss.hpcd_USB_OTG_FS
                0x2400160c      0x4e4 ./USB_DEVICE/Target/usbd_conf.o
                0x2400160c                hpcd_USB_OTG_FS
 .bss.mem.0     0x24001af0      0x220 ./USB_DEVICE/Target/usbd_conf.o
 *(COMMON)
                0x24001d10                        . = ALIGN (0x4)
                0x24001d10                        _ebss = .
                0x24001d10                        __bss_end__ = _ebss

._user_heap_stack
                0x24001d10      0x600 load address 0x08008e6c
                0x24001d10                        . = ALIGN (0x8)
                [!provide]                        PROVIDE (end = .)
                0x24001d10                        PROVIDE (_end = .)
                0x24001f10                        . = (. + _Min_Heap_Size)
 *fill*         0x24001d10      0x200 
                0x24002310                        . = (. + _Min_Stack_Size)
 *fill*         0x24001f10      0x400 
                0x24002310                        . = ALIGN (0x8)

/DISCARD/
 libc.a(*)
 libm.a(*)
 libgcc.a(*)

.ARM.attributes
                0x00000000       0x2e
 *(.ARM.attributes)
 .ARM.attributes
                0x00000000       0x20 C:/ST/STM32CubeIDE_1.19.0/STM32CubeIDE/plugins/com.st.stm32cube.ide.mcu.externaltools.gnu-tools-for-stm32.13.3.rel1.win32_1.0.0.202411081344/tools/bin/../lib/gcc/arm-none-eabi/13.3.1/thumb/v7e-m+dp/hard/crti.o
 .ARM.attributes
                0x00000020       0x32 C:/ST/STM32CubeIDE_1.19.0/STM32CubeIDE/plugins/com.st.stm32cube.ide.mcu.externaltools.gnu-tools-for-stm32.13.3.rel1.win32_1.0.0.202411081344/tools/bin/../lib/gcc/arm-none-eabi/13.3.1/thumb/v7e-m+dp/hard/crtbegin.o
 .ARM.attributes
                0x00000052       0x32 ./Core/Src/main.o
 .ARM.attributes
                0x00000084       0x32 ./Core/Src/stm32h7xx_hal_msp.o
 .ARM.attributes
                0x000000b6       0x32 ./Core/Src/stm32h7xx_it.o
 .ARM.attributes
                0x000000e8       0x32 ./Core/Src/system_stm32h7xx.o
 .ARM.attributes
                0x0000011a       0x21 ./Core/Startup/startup_stm32h750vbtx.o
 .ARM.attributes
                0x0000013b       0x32 ./Drivers/STM32H7xx_HAL_Driver/Src/stm32h7xx_hal.o
 .ARM.attributes
                0x0000016d       0x32 ./Drivers/STM32H7xx_HAL_Driver/Src/stm32h7xx_hal_cortex.o
 .ARM.attributes
                0x0000019f       0x32 ./Drivers/STM32H7xx_HAL_Driver/Src/stm32h7xx_hal_gpio.o
 .ARM.attributes
                0x000001d1       0x32 ./Drivers/STM32H7xx_HAL_Driver/Src/stm32h7xx_hal_pcd.o
 .ARM.attributes
                0x00000203       0x32 ./Drivers/STM32H7xx_HAL_Driver/Src/stm32h7xx_hal_pcd_ex.o
 .ARM.attributes
                0x00000235       0x32 ./Drivers/STM32H7xx_HAL_Driver/Src/stm32h7xx_hal_pwr_ex.o
 .ARM.attributes
                0x00000267       0x32 ./Drivers/STM32H7xx_HAL_Driver/Src/stm32h7xx_hal_rcc.o
 .ARM.attributes
                0x00000299       0x32 ./Drivers/STM32H7xx_HAL_Driver/Src/stm32h7xx_hal_rcc_ex.o
 .ARM.attributes
                0x000002cb       0x32 ./Drivers/STM32H7xx_HAL_Driver/Src/stm32h7xx_ll_usb.o
 .ARM.attributes
                0x000002fd       0x32 ./Middlewares/ST/STM32_USB_Device_Library/Class/CDC/Src/usbd_cdc.o
 .ARM.attributes
                0x0000032f       0x32 ./Middlewares/ST/STM32_USB_Device_Library/Core/Src/usbd_core.o
 .ARM.attributes
                0x00000361       0x32 ./Middlewares/ST/STM32_USB_Device_Library/Core/Src/usbd_ctlreq.o
 .ARM.attributes
                0x00000393       0x32 ./Middlewares/ST/STM32_USB_Device_Library/Core/Src/usbd_ioreq.o
 .ARM.attributes
                0x000003c5       0x32 ./USB_DEVICE/App/usb_device.o
 .ARM.attributes
                0x000003f7       0x32 ./USB_DEVICE/App/usbd_cdc_if.o
 .ARM.attributes
                0x00000429       0x32 ./USB_DEVICE/App/usbd_desc.o
 .ARM.attributes
                0x0000045b       0x32 ./USB_DEVICE/Target/usbd_conf.o
 .ARM.attributes
                0x0000048d       0x32 C:/ST/STM32CubeIDE_1.19.0/STM32CubeIDE/plugins/com.st.stm32cube.ide.mcu.externaltools.gnu-tools-for-stm32.13.3.rel1.win32_1.0.0.202411081344/tools/bin/../lib/gcc/arm-none-eabi/13.3.1/../../../../arm-none-eabi/lib/thumb/v7e-m+dp/hard\libc_nano.a(libc_a-memset.o)
 .ARM.attributes
                0x000004bf       0x32 C:/ST/STM32CubeIDE_1.19.0/STM32CubeIDE/plugins/com.st.stm32cube.ide.mcu.externaltools.gnu-tools-for-stm32.13.3.rel1.win32_1.0.0.202411081344/tools/bin/../lib/gcc/arm-none-eabi/13.3.1/../../../../arm-none-eabi/lib/thumb/v7e-m+dp/hard\libc_nano.a(libc_a-init.o)
 .ARM.attributes
                0x000004f1       0x20 C:/ST/STM32CubeIDE_1.19.0/STM32CubeIDE/plugins/com.st.stm32cube.ide.mcu.externaltools.gnu-tools-for-stm32.13.3.rel1.win32_1.0.0.202411081344/tools/bin/../lib/gcc/arm-none-eabi/13.3.1/thumb/v7e-m+dp/hard/crtn.o
OUTPUT(ART_LED_PROJEKT.elf elf32-littlearm)
LOAD linker stubs
LOAD C:/ST/STM32CubeIDE_1.19.0/STM32CubeIDE/plugins/com.st.stm32cube.ide.mcu.externaltools.gnu-tools-for-stm32.13.3.rel1.win32_1.0.0.202411081344/tools/bin/../lib/gcc/arm-none-eabi/13.3.1/../../../../arm-none-eabi/lib/thumb/v7e-m+dp/hard\libc.a
LOAD C:/ST/STM32CubeIDE_1.19.0/STM32CubeIDE/plugins/com.st.stm32cube.ide.mcu.externaltools.gnu-tools-for-stm32.13.3.rel1.win32_1.0.0.202411081344/tools/bin/../lib/gcc/arm-none-eabi/13.3.1/../../../../arm-none-eabi/lib/thumb/v7e-m+dp/hard\libm.a
LOAD C:/ST/STM32CubeIDE_1.19.0/STM32CubeIDE/plugins/com.st.stm32cube.ide.mcu.externaltools.gnu-tools-for-stm32.13.3.rel1.win32_1.0.0.202411081344/tools/bin/../lib/gcc/arm-none-eabi/13.3.1/thumb/v7e-m+dp/hard\libgcc.a

.debug_info     0x00000000    0x12f6c
 .debug_info    0x00000000      0xd22 ./Core/Src/main.o
 .debug_info    0x00000d22      0x464 ./Core/Src/stm32h7xx_hal_msp.o
 .debug_info    0x00001186      0x6c2 ./Core/Src/stm32h7xx_it.o
 .debug_info    0x00001848      0xdb2 ./Core/Src/system_stm32h7xx.o
 .debug_info    0x000025fa       0x30 ./Core/Startup/startup_stm32h750vbtx.o
 .debug_info    0x0000262a     0x1541 ./Drivers/STM32H7xx_HAL_Driver/Src/stm32h7xx_hal.o
 .debug_info    0x00003b6b     0x10b7 ./Drivers/STM32H7xx_HAL_Driver/Src/stm32h7xx_hal_cortex.o
 .debug_info    0x00004c22      0xc5a ./Drivers/STM32H7xx_HAL_Driver/Src/stm32h7xx_hal_gpio.o
 .debug_info    0x0000587c     0x1561 ./Drivers/STM32H7xx_HAL_Driver/Src/stm32h7xx_hal_pcd.o
 .debug_info    0x00006ddd      0x8b3 ./Drivers/STM32H7xx_HAL_Driver/Src/stm32h7xx_hal_pcd_ex.o
 .debug_info    0x00007690     0x1012 ./Drivers/STM32H7xx_HAL_Driver/Src/stm32h7xx_hal_pwr_ex.o
 .debug_info    0x000086a2      0xe6a ./Drivers/STM32H7xx_HAL_Driver/Src/stm32h7xx_hal_rcc.o
 .debug_info    0x0000950c     0x1225 ./Drivers/STM32H7xx_HAL_Driver/Src/stm32h7xx_hal_rcc_ex.o
 .debug_info    0x0000a731     0x1a1e ./Drivers/STM32H7xx_HAL_Driver/Src/stm32h7xx_ll_usb.o
 .debug_info    0x0000c14f     0x133d ./Middlewares/ST/STM32_USB_Device_Library/Class/CDC/Src/usbd_cdc.o
 .debug_info    0x0000d48c      0xe20 ./Middlewares/ST/STM32_USB_Device_Library/Core/Src/usbd_core.o
 .debug_info    0x0000e2ac      0xaf9 ./Middlewares/ST/STM32_USB_Device_Library/Core/Src/usbd_ctlreq.o
 .debug_info    0x0000eda5      0x770 ./Middlewares/ST/STM32_USB_Device_Library/Core/Src/usbd_ioreq.o
 .debug_info    0x0000f515      0x725 ./USB_DEVICE/App/usb_device.o
 .debug_info    0x0000fc3a      0x915 ./USB_DEVICE/App/usbd_cdc_if.o
 .debug_info    0x0001054f      0x48f ./USB_DEVICE/App/usbd_desc.o
 .debug_info    0x000109de     0x258e ./USB_DEVICE/Target/usbd_conf.o

.debug_abbrev   0x00000000     0x30f4
 .debug_abbrev  0x00000000      0x27e ./Core/Src/main.o
 .debug_abbrev  0x0000027e       0xdb ./Core/Src/stm32h7xx_hal_msp.o
 .debug_abbrev  0x00000359      0x1a4 ./Core/Src/stm32h7xx_it.o
 .debug_abbrev  0x000004fd      0x165 ./Core/Src/system_stm32h7xx.o
 .debug_abbrev  0x00000662       0x24 ./Core/Startup/startup_stm32h750vbtx.o
 .debug_abbrev  0x00000686      0x295 ./Drivers/STM32H7xx_HAL_Driver/Src/stm32h7xx_hal.o
 .debug_abbrev  0x0000091b      0x339 ./Drivers/STM32H7xx_HAL_Driver/Src/stm32h7xx_hal_cortex.o
 .debug_abbrev  0x00000c54      0x205 ./Drivers/STM32H7xx_HAL_Driver/Src/stm32h7xx_hal_gpio.o
 .debug_abbrev  0x00000e59      0x2dc ./Drivers/STM32H7xx_HAL_Driver/Src/stm32h7xx_hal_pcd.o
 .debug_abbrev  0x00001135      0x256 ./Drivers/STM32H7xx_HAL_Driver/Src/stm32h7xx_hal_pcd_ex.o
 .debug_abbrev  0x0000138b      0x2a7 ./Drivers/STM32H7xx_HAL_Driver/Src/stm32h7xx_hal_pwr_ex.o
 .debug_abbrev  0x00001632      0x2c8 ./Drivers/STM32H7xx_HAL_Driver/Src/stm32h7xx_hal_rcc.o
 .debug_abbrev  0x000018fa      0x269 ./Drivers/STM32H7xx_HAL_Driver/Src/stm32h7xx_hal_rcc_ex.o
 .debug_abbrev  0x00001b63      0x2b3 ./Drivers/STM32H7xx_HAL_Driver/Src/stm32h7xx_ll_usb.o
 .debug_abbrev  0x00001e16      0x2d2 ./Middlewares/ST/STM32_USB_Device_Library/Class/CDC/Src/usbd_cdc.o
 .debug_abbrev  0x000020e8      0x27c ./Middlewares/ST/STM32_USB_Device_Library/Core/Src/usbd_core.o
 .debug_abbrev  0x00002364      0x26f ./Middlewares/ST/STM32_USB_Device_Library/Core/Src/usbd_ctlreq.o
 .debug_abbrev  0x000025d3      0x19a ./Middlewares/ST/STM32_USB_Device_Library/Core/Src/usbd_ioreq.o
 .debug_abbrev  0x0000276d      0x1a8 ./USB_DEVICE/App/usb_device.o
 .debug_abbrev  0x00002915      0x29d ./USB_DEVICE/App/usbd_cdc_if.o
 .debug_abbrev  0x00002bb2      0x1f3 ./USB_DEVICE/App/usbd_desc.o
 .debug_abbrev  0x00002da5      0x34f ./USB_DEVICE/Target/usbd_conf.o

.debug_aranges  0x00000000      0xe80
 .debug_aranges
                0x00000000       0x40 ./Core/Src/main.o
 .debug_aranges
                0x00000040       0x20 ./Core/Src/stm32h7xx_hal_msp.o
 .debug_aranges
                0x00000060       0x70 ./Core/Src/stm32h7xx_it.o
 .debug_aranges
                0x000000d0       0x30 ./Core/Src/system_stm32h7xx.o
 .debug_aranges
                0x00000100       0x28 ./Core/Startup/startup_stm32h750vbtx.o
 .debug_aranges
                0x00000128      0x198 ./Drivers/STM32H7xx_HAL_Driver/Src/stm32h7xx_hal.o
 .debug_aranges
                0x000002c0      0x130 ./Drivers/STM32H7xx_HAL_Driver/Src/stm32h7xx_hal_cortex.o
 .debug_aranges
                0x000003f0       0x58 ./Drivers/STM32H7xx_HAL_Driver/Src/stm32h7xx_hal_gpio.o
 .debug_aranges
                0x00000448      0x140 ./Drivers/STM32H7xx_HAL_Driver/Src/stm32h7xx_hal_pcd.o
 .debug_aranges
                0x00000588       0x60 ./Drivers/STM32H7xx_HAL_Driver/Src/stm32h7xx_hal_pcd_ex.o
 .debug_aranges
                0x000005e8      0x158 ./Drivers/STM32H7xx_HAL_Driver/Src/stm32h7xx_hal_pwr_ex.o
 .debug_aranges
                0x00000740       0x88 ./Drivers/STM32H7xx_HAL_Driver/Src/stm32h7xx_hal_rcc.o
 .debug_aranges
                0x000007c8       0xf8 ./Drivers/STM32H7xx_HAL_Driver/Src/stm32h7xx_hal_rcc_ex.o
 .debug_aranges
                0x000008c0      0x1a0 ./Drivers/STM32H7xx_HAL_Driver/Src/stm32h7xx_ll_usb.o
 .debug_aranges
                0x00000a60       0x90 ./Middlewares/ST/STM32_USB_Device_Library/Class/CDC/Src/usbd_cdc.o
 .debug_aranges
                0x00000af0       0xd8 ./Middlewares/ST/STM32_USB_Device_Library/Core/Src/usbd_core.o
 .debug_aranges
                0x00000bc8       0x90 ./Middlewares/ST/STM32_USB_Device_Library/Core/Src/usbd_ctlreq.o
 .debug_aranges
                0x00000c58       0x50 ./Middlewares/ST/STM32_USB_Device_Library/Core/Src/usbd_ioreq.o
 .debug_aranges
                0x00000ca8       0x20 ./USB_DEVICE/App/usb_device.o
 .debug_aranges
                0x00000cc8       0x48 ./USB_DEVICE/App/usbd_cdc_if.o
 .debug_aranges
                0x00000d10       0x60 ./USB_DEVICE/App/usbd_desc.o
 .debug_aranges
                0x00000d70      0x110 ./USB_DEVICE/Target/usbd_conf.o

.debug_rnglists
                0x00000000      0xac8
 .debug_rnglists
                0x00000000       0x2e ./Core/Src/main.o
 .debug_rnglists
                0x0000002e       0x13 ./Core/Src/stm32h7xx_hal_msp.o
 .debug_rnglists
                0x00000041       0x4f ./Core/Src/stm32h7xx_it.o
 .debug_rnglists
                0x00000090       0x21 ./Core/Src/system_stm32h7xx.o
 .debug_rnglists
                0x000000b1       0x19 ./Core/Startup/startup_stm32h750vbtx.o
 .debug_rnglists
                0x000000ca      0x131 ./Drivers/STM32H7xx_HAL_Driver/Src/stm32h7xx_hal.o
 .debug_rnglists
                0x000001fb       0xe0 ./Drivers/STM32H7xx_HAL_Driver/Src/stm32h7xx_hal_cortex.o
 .debug_rnglists
                0x000002db       0x3f ./Drivers/STM32H7xx_HAL_Driver/Src/stm32h7xx_hal_gpio.o
 .debug_rnglists
                0x0000031a       0xf4 ./Drivers/STM32H7xx_HAL_Driver/Src/stm32h7xx_hal_pcd.o
 .debug_rnglists
                0x0000040e       0x45 ./Drivers/STM32H7xx_HAL_Driver/Src/stm32h7xx_hal_pcd_ex.o
 .debug_rnglists
                0x00000453      0x103 ./Drivers/STM32H7xx_HAL_Driver/Src/stm32h7xx_hal_pwr_ex.o
 .debug_rnglists
                0x00000556       0x68 ./Drivers/STM32H7xx_HAL_Driver/Src/stm32h7xx_hal_rcc.o
 .debug_rnglists
                0x000005be       0xc0 ./Drivers/STM32H7xx_HAL_Driver/Src/stm32h7xx_hal_rcc_ex.o
 .debug_rnglists
                0x0000067e      0x147 ./Drivers/STM32H7xx_HAL_Driver/Src/stm32h7xx_ll_usb.o
 .debug_rnglists
                0x000007c5       0x6c ./Middlewares/ST/STM32_USB_Device_Library/Class/CDC/Src/usbd_cdc.o
 .debug_rnglists
                0x00000831       0xa1 ./Middlewares/ST/STM32_USB_Device_Library/Core/Src/usbd_core.o
 .debug_rnglists
                0x000008d2       0x6e ./Middlewares/ST/STM32_USB_Device_Library/Core/Src/usbd_ctlreq.o
 .debug_rnglists
                0x00000940       0x37 ./Middlewares/ST/STM32_USB_Device_Library/Core/Src/usbd_ioreq.o
 .debug_rnglists
                0x00000977       0x13 ./USB_DEVICE/App/usb_device.o
 .debug_rnglists
                0x0000098a       0x32 ./USB_DEVICE/App/usbd_cdc_if.o
 .debug_rnglists
                0x000009bc       0x43 ./USB_DEVICE/App/usbd_desc.o
 .debug_rnglists
                0x000009ff       0xc9 ./USB_DEVICE/Target/usbd_conf.o

.debug_macro    0x00000000    0x38459
 .debug_macro   0x00000000      0x36e ./Core/Src/main.o
 .debug_macro   0x0000036e      0xaf6 ./Core/Src/main.o
 .debug_macro   0x00000e64      0x232 ./Core/Src/main.o
 .debug_macro   0x00001096       0x2e ./Core/Src/main.o
 .debug_macro   0x000010c4       0x3b ./Core/Src/main.o
 .debug_macro   0x000010ff       0x22 ./Core/Src/main.o
 .debug_macro   0x00001121       0x8e ./Core/Src/main.o
 .debug_macro   0x000011af       0x51 ./Core/Src/main.o
 .debug_macro   0x00001200      0x103 ./Core/Src/main.o
 .debug_macro   0x00001303       0x6a ./Core/Src/main.o
 .debug_macro   0x0000136d      0x1df ./Core/Src/main.o
 .debug_macro   0x0000154c       0x1c ./Core/Src/main.o
 .debug_macro   0x00001568       0x22 ./Core/Src/main.o
 .debug_macro   0x0000158a       0xfb ./Core/Src/main.o
 .debug_macro   0x00001685     0x1305 ./Core/Src/main.o
 .debug_macro   0x0000298a      0x11f ./Core/Src/main.o
 .debug_macro   0x00002aa9       0x27 ./Core/Src/main.o
 .debug_macro   0x00002ad0    0x26197 ./Core/Src/main.o
 .debug_macro   0x00028c67       0x6d ./Core/Src/main.o
 .debug_macro   0x00028cd4     0x3d79 ./Core/Src/main.o
 .debug_macro   0x0002ca4d      0x190 ./Core/Src/main.o
 .debug_macro   0x0002cbdd       0x61 ./Core/Src/main.o
 .debug_macro   0x0002cc3e       0x29 ./Core/Src/main.o
 .debug_macro   0x0002cc67       0x43 ./Core/Src/main.o
 .debug_macro   0x0002ccaa       0x34 ./Core/Src/main.o
 .debug_macro   0x0002ccde      0x370 ./Core/Src/main.o
 .debug_macro   0x0002d04e       0x16 ./Core/Src/main.o
 .debug_macro   0x0002d064       0x4a ./Core/Src/main.o
 .debug_macro   0x0002d0ae       0x34 ./Core/Src/main.o
 .debug_macro   0x0002d0e2       0x10 ./Core/Src/main.o
 .debug_macro   0x0002d0f2       0x58 ./Core/Src/main.o
 .debug_macro   0x0002d14a       0x8e ./Core/Src/main.o
 .debug_macro   0x0002d1d8       0x1c ./Core/Src/main.o
 .debug_macro   0x0002d1f4      0x185 ./Core/Src/main.o
 .debug_macro   0x0002d379      0x19b ./Core/Src/main.o
 .debug_macro   0x0002d514       0x5d ./Core/Src/main.o
 .debug_macro   0x0002d571     0x240e ./Core/Src/main.o
 .debug_macro   0x0002f97f     0x102c ./Core/Src/main.o
 .debug_macro   0x000309ab      0x154 ./Core/Src/main.o
 .debug_macro   0x00030aff      0x114 ./Core/Src/main.o
 .debug_macro   0x00030c13      0x3b6 ./Core/Src/main.o
 .debug_macro   0x00030fc9       0xac ./Core/Src/main.o
 .debug_macro   0x00031075      0x72d ./Core/Src/main.o
 .debug_macro   0x000317a2      0x228 ./Core/Src/main.o
 .debug_macro   0x000319ca       0x66 ./Core/Src/main.o
 .debug_macro   0x00031a30      0x3bb ./Core/Src/main.o
 .debug_macro   0x00031deb      0x3e4 ./Core/Src/main.o
 .debug_macro   0x000321cf      0x275 ./Core/Src/main.o
 .debug_macro   0x00032444      0x3ca ./Core/Src/main.o
 .debug_macro   0x0003280e      0x3de ./Core/Src/main.o
 .debug_macro   0x00032bec       0x3c ./Core/Src/main.o
 .debug_macro   0x00032c28       0x4a ./Core/Src/main.o
 .debug_macro   0x00032c72      0x22c ./Core/Src/main.o
 .debug_macro   0x00032e9e       0x67 ./Core/Src/main.o
 .debug_macro   0x00032f05       0xa5 ./Core/Src/main.o
 .debug_macro   0x00032faa      0x1c4 ./Core/Src/main.o
 .debug_macro   0x0003316e      0x25e ./Core/Src/main.o
 .debug_macro   0x000333cc       0x35 ./Core/Src/main.o
 .debug_macro   0x00033401      0x293 ./Core/Src/main.o
 .debug_macro   0x00033694       0x90 ./Core/Src/main.o
 .debug_macro   0x00033724      0x5ac ./Core/Src/main.o
 .debug_macro   0x00033cd0       0x1c ./Core/Src/main.o
 .debug_macro   0x00033cec       0x3c ./Core/Src/main.o
 .debug_macro   0x00033d28       0x10 ./Core/Src/main.o
 .debug_macro   0x00033d38       0x1c ./Core/Src/main.o
 .debug_macro   0x00033d54       0x16 ./Core/Src/main.o
 .debug_macro   0x00033d6a      0x146 ./Core/Src/main.o
 .debug_macro   0x00033eb0       0x16 ./Core/Src/main.o
 .debug_macro   0x00033ec6       0x16 ./Core/Src/main.o
 .debug_macro   0x00033edc       0x29 ./Core/Src/main.o
 .debug_macro   0x00033f05       0x16 ./Core/Src/main.o
 .debug_macro   0x00033f1b       0x20 ./Core/Src/main.o
 .debug_macro   0x00033f3b       0x65 ./Core/Src/main.o
 .debug_macro   0x00033fa0      0x20f ./Core/Src/main.o
 .debug_macro   0x000341af      0x2ae ./Core/Src/stm32h7xx_hal_msp.o
 .debug_macro   0x0003445d      0x2b8 ./Core/Src/stm32h7xx_it.o
 .debug_macro   0x00034715      0x2a4 ./Core/Src/system_stm32h7xx.o
 .debug_macro   0x000349b9      0x2ce ./Drivers/STM32H7xx_HAL_Driver/Src/stm32h7xx_hal.o
 .debug_macro   0x00034c87      0x2a4 ./Drivers/STM32H7xx_HAL_Driver/Src/stm32h7xx_hal_cortex.o
 .debug_macro   0x00034f2b      0x2ab ./Drivers/STM32H7xx_HAL_Driver/Src/stm32h7xx_hal_gpio.o
 .debug_macro   0x000351d6      0x2b0 ./Drivers/STM32H7xx_HAL_Driver/Src/stm32h7xx_hal_pcd.o
 .debug_macro   0x00035486      0x2a4 ./Drivers/STM32H7xx_HAL_Driver/Src/stm32h7xx_hal_pcd_ex.o
 .debug_macro   0x0003572a      0x2dd ./Drivers/STM32H7xx_HAL_Driver/Src/stm32h7xx_hal_pwr_ex.o
 .debug_macro   0x00035a07      0x2c8 ./Drivers/STM32H7xx_HAL_Driver/Src/stm32h7xx_hal_rcc.o
 .debug_macro   0x00035ccf      0x2c2 ./Drivers/STM32H7xx_HAL_Driver/Src/stm32h7xx_hal_rcc_ex.o
 .debug_macro   0x00035f91      0x2a4 ./Drivers/STM32H7xx_HAL_Driver/Src/stm32h7xx_ll_usb.o
 .debug_macro   0x00036235      0x3a5 ./Middlewares/ST/STM32_USB_Device_Library/Class/CDC/Src/usbd_cdc.o
 .debug_macro   0x000365da       0x16 ./Middlewares/ST/STM32_USB_Device_Library/Class/CDC/Src/usbd_cdc.o
 .debug_macro   0x000365f0       0x9e ./Middlewares/ST/STM32_USB_Device_Library/Class/CDC/Src/usbd_cdc.o
 .debug_macro   0x0003668e      0x112 ./Middlewares/ST/STM32_USB_Device_Library/Class/CDC/Src/usbd_cdc.o
 .debug_macro   0x000367a0       0x16 ./Middlewares/ST/STM32_USB_Device_Library/Class/CDC/Src/usbd_cdc.o
 .debug_macro   0x000367b6       0x95 ./Middlewares/ST/STM32_USB_Device_Library/Class/CDC/Src/usbd_cdc.o
 .debug_macro   0x0003684b      0x38c ./Middlewares/ST/STM32_USB_Device_Library/Core/Src/usbd_core.o
 .debug_macro   0x00036bd7      0x215 ./Middlewares/ST/STM32_USB_Device_Library/Core/Src/usbd_core.o
 .debug_macro   0x00036dec      0x396 ./Middlewares/ST/STM32_USB_Device_Library/Core/Src/usbd_ctlreq.o
 .debug_macro   0x00037182      0x392 ./Middlewares/ST/STM32_USB_Device_Library/Core/Src/usbd_ioreq.o
 .debug_macro   0x00037514      0x3bf ./USB_DEVICE/App/usb_device.o
 .debug_macro   0x000378d3       0x22 ./USB_DEVICE/App/usb_device.o
 .debug_macro   0x000378f5       0x16 ./USB_DEVICE/App/usb_device.o
 .debug_macro   0x0003790b      0x3b0 ./USB_DEVICE/App/usbd_cdc_if.o
 .debug_macro   0x00037cbb       0x10 ./USB_DEVICE/App/usbd_cdc_if.o
 .debug_macro   0x00037ccb      0x3cf ./USB_DEVICE/App/usbd_desc.o
 .debug_macro   0x0003809a       0x1c ./USB_DEVICE/App/usbd_desc.o
 .debug_macro   0x000380b6      0x3a3 ./USB_DEVICE/Target/usbd_conf.o

.debug_line     0x00000000    0x13f1c
 .debug_line    0x00000000      0xade ./Core/Src/main.o
 .debug_line    0x00000ade      0x8bc ./Core/Src/stm32h7xx_hal_msp.o
 .debug_line    0x0000139a      0x99c ./Core/Src/stm32h7xx_it.o
 .debug_line    0x00001d36      0xabc ./Core/Src/system_stm32h7xx.o
 .debug_line    0x000027f2       0x7b ./Core/Startup/startup_stm32h750vbtx.o
 .debug_line    0x0000286d      0xe95 ./Drivers/STM32H7xx_HAL_Driver/Src/stm32h7xx_hal.o
 .debug_line    0x00003702      0xe7f ./Drivers/STM32H7xx_HAL_Driver/Src/stm32h7xx_hal_cortex.o
 .debug_line    0x00004581      0xd1e ./Drivers/STM32H7xx_HAL_Driver/Src/stm32h7xx_hal_gpio.o
 .debug_line    0x0000529f     0x15fd ./Drivers/STM32H7xx_HAL_Driver/Src/stm32h7xx_hal_pcd.o
 .debug_line    0x0000689c      0xac3 ./Drivers/STM32H7xx_HAL_Driver/Src/stm32h7xx_hal_pcd_ex.o
 .debug_line    0x0000735f     0x1019 ./Drivers/STM32H7xx_HAL_Driver/Src/stm32h7xx_hal_pwr_ex.o
 .debug_line    0x00008378     0x153c ./Drivers/STM32H7xx_HAL_Driver/Src/stm32h7xx_hal_rcc.o
 .debug_line    0x000098b4     0x1e48 ./Drivers/STM32H7xx_HAL_Driver/Src/stm32h7xx_hal_rcc_ex.o
 .debug_line    0x0000b6fc     0x1eb1 ./Drivers/STM32H7xx_HAL_Driver/Src/stm32h7xx_ll_usb.o
 .debug_line    0x0000d5ad      0xeed ./Middlewares/ST/STM32_USB_Device_Library/Class/CDC/Src/usbd_cdc.o
 .debug_line    0x0000e49a      0xf90 ./Middlewares/ST/STM32_USB_Device_Library/Core/Src/usbd_core.o
 .debug_line    0x0000f42a     0x118a ./Middlewares/ST/STM32_USB_Device_Library/Core/Src/usbd_ctlreq.o
 .debug_line    0x000105b4      0xaa6 ./Middlewares/ST/STM32_USB_Device_Library/Core/Src/usbd_ioreq.o
 .debug_line    0x0001105a      0xa75 ./USB_DEVICE/App/usb_device.o
 .debug_line    0x00011acf      0xac5 ./USB_DEVICE/App/usbd_cdc_if.o
 .debug_line    0x00012594      0xb1b ./USB_DEVICE/App/usbd_desc.o
 .debug_line    0x000130af      0xe6d ./USB_DEVICE/Target/usbd_conf.o

.debug_str      0x00000000   0x1559ba
 .debug_str     0x00000000   0x1559ba ./Core/Src/main.o
                             0x150e47 (size before relaxing)
 .debug_str     0x001559ba   0x14f795 ./Core/Src/stm32h7xx_hal_msp.o
 .debug_str     0x001559ba   0x14fa8b ./Core/Src/stm32h7xx_it.o
 .debug_str     0x001559ba   0x14fb07 ./Core/Src/system_stm32h7xx.o
 .debug_str     0x001559ba       0x86 ./Core/Startup/startup_stm32h750vbtx.o
 .debug_str     0x001559ba   0x1509ed ./Drivers/STM32H7xx_HAL_Driver/Src/stm32h7xx_hal.o
 .debug_str     0x001559ba   0x150428 ./Drivers/STM32H7xx_HAL_Driver/Src/stm32h7xx_hal_cortex.o
 .debug_str     0x001559ba   0x14fa7f ./Drivers/STM32H7xx_HAL_Driver/Src/stm32h7xx_hal_gpio.o
 .debug_str     0x001559ba   0x150233 ./Drivers/STM32H7xx_HAL_Driver/Src/stm32h7xx_hal_pcd.o
 .debug_str     0x001559ba   0x14fbd1 ./Drivers/STM32H7xx_HAL_Driver/Src/stm32h7xx_hal_pcd_ex.o
 .debug_str     0x001559ba   0x14ff40 ./Drivers/STM32H7xx_HAL_Driver/Src/stm32h7xx_hal_pwr_ex.o
 .debug_str     0x001559ba   0x14fe63 ./Drivers/STM32H7xx_HAL_Driver/Src/stm32h7xx_hal_rcc.o
 .debug_str     0x001559ba   0x150344 ./Drivers/STM32H7xx_HAL_Driver/Src/stm32h7xx_hal_rcc_ex.o
 .debug_str     0x001559ba   0x15012d ./Drivers/STM32H7xx_HAL_Driver/Src/stm32h7xx_ll_usb.o
 .debug_str     0x001559ba   0x15167b ./Middlewares/ST/STM32_USB_Device_Library/Class/CDC/Src/usbd_cdc.o
 .debug_str     0x001559ba   0x150f89 ./Middlewares/ST/STM32_USB_Device_Library/Core/Src/usbd_core.o
 .debug_str     0x001559ba   0x150db4 ./Middlewares/ST/STM32_USB_Device_Library/Core/Src/usbd_ctlreq.o
 .debug_str     0x001559ba   0x150c89 ./Middlewares/ST/STM32_USB_Device_Library/Core/Src/usbd_ioreq.o
 .debug_str     0x001559ba   0x15105f ./USB_DEVICE/App/usb_device.o
 .debug_str     0x001559ba   0x15107c ./USB_DEVICE/App/usbd_cdc_if.o
 .debug_str     0x001559ba   0x150b99 ./USB_DEVICE/App/usbd_desc.o
 .debug_str     0x001559ba   0x15278d ./USB_DEVICE/Target/usbd_conf.o

.comment        0x00000000       0x43
 .comment       0x00000000       0x43 ./Core/Src/main.o
                                 0x44 (size before relaxing)
 .comment       0x00000043       0x44 ./Core/Src/stm32h7xx_hal_msp.o
 .comment       0x00000043       0x44 ./Core/Src/stm32h7xx_it.o
 .comment       0x00000043       0x44 ./Core/Src/system_stm32h7xx.o
 .comment       0x00000043       0x44 ./Drivers/STM32H7xx_HAL_Driver/Src/stm32h7xx_hal.o
 .comment       0x00000043       0x44 ./Drivers/STM32H7xx_HAL_Driver/Src/stm32h7xx_hal_cortex.o
 .comment       0x00000043       0x44 ./Drivers/STM32H7xx_HAL_Driver/Src/stm32h7xx_hal_gpio.o
 .comment       0x00000043       0x44 ./Drivers/STM32H7xx_HAL_Driver/Src/stm32h7xx_hal_pcd.o
 .comment       0x00000043       0x44 ./Drivers/STM32H7xx_HAL_Driver/Src/stm32h7xx_hal_pcd_ex.o
 .comment       0x00000043       0x44 ./Drivers/STM32H7xx_HAL_Driver/Src/stm32h7xx_hal_pwr_ex.o
 .comment       0x00000043       0x44 ./Drivers/STM32H7xx_HAL_Driver/Src/stm32h7xx_hal_rcc.o
 .comment       0x00000043       0x44 ./Drivers/STM32H7xx_HAL_Driver/Src/stm32h7xx_hal_rcc_ex.o
 .comment       0x00000043       0x44 ./Drivers/STM32H7xx_HAL_Driver/Src/stm32h7xx_ll_usb.o
 .comment       0x00000043       0x44 ./Middlewares/ST/STM32_USB_Device_Library/Class/CDC/Src/usbd_cdc.o
 .comment       0x00000043       0x44 ./Middlewares/ST/STM32_USB_Device_Library/Core/Src/usbd_core.o
 .comment       0x00000043       0x44 ./Middlewares/ST/STM32_USB_Device_Library/Core/Src/usbd_ctlreq.o
 .comment       0x00000043       0x44 ./Middlewares/ST/STM32_USB_Device_Library/Core/Src/usbd_ioreq.o
 .comment       0x00000043       0x44 ./USB_DEVICE/App/usb_device.o
 .comment       0x00000043       0x44 ./USB_DEVICE/App/usbd_cdc_if.o
 .comment       0x00000043       0x44 ./USB_DEVICE/App/usbd_desc.o
 .comment       0x00000043       0x44 ./USB_DEVICE/Target/usbd_conf.o

.debug_frame    0x00000000     0x3a24
 .debug_frame   0x00000000       0xb4 ./Core/Src/main.o
 .debug_frame   0x000000b4       0x38 ./Core/Src/stm32h7xx_hal_msp.o
 .debug_frame   0x000000ec      0x13c ./Core/Src/stm32h7xx_it.o
 .debug_frame   0x00000228       0x78 ./Core/Src/system_stm32h7xx.o
 .debug_frame   0x000002a0      0x690 ./Drivers/STM32H7xx_HAL_Driver/Src/stm32h7xx_hal.o
 .debug_frame   0x00000930      0x508 ./Drivers/STM32H7xx_HAL_Driver/Src/stm32h7xx_hal_cortex.o
 .debug_frame   0x00000e38      0x14c ./Drivers/STM32H7xx_HAL_Driver/Src/stm32h7xx_hal_gpio.o
 .debug_frame   0x00000f84      0x590 ./Drivers/STM32H7xx_HAL_Driver/Src/stm32h7xx_hal_pcd.o
 .debug_frame   0x00001514      0x174 ./Drivers/STM32H7xx_HAL_Driver/Src/stm32h7xx_hal_pcd_ex.o
 .debug_frame   0x00001688      0x580 ./Drivers/STM32H7xx_HAL_Driver/Src/stm32h7xx_hal_pwr_ex.o
 .debug_frame   0x00001c08      0x1f8 ./Drivers/STM32H7xx_HAL_Driver/Src/stm32h7xx_hal_rcc.o
 .debug_frame   0x00001e00      0x414 ./Drivers/STM32H7xx_HAL_Driver/Src/stm32h7xx_hal_rcc_ex.o
 .debug_frame   0x00002214      0x7c0 ./Drivers/STM32H7xx_HAL_Driver/Src/stm32h7xx_ll_usb.o
 .debug_frame   0x000029d4      0x23c ./Middlewares/ST/STM32_USB_Device_Library/Class/CDC/Src/usbd_cdc.o
 .debug_frame   0x00002c10      0x390 ./Middlewares/ST/STM32_USB_Device_Library/Core/Src/usbd_core.o
 .debug_frame   0x00002fa0      0x23c ./Middlewares/ST/STM32_USB_Device_Library/Core/Src/usbd_ctlreq.o
 .debug_frame   0x000031dc      0x10c ./Middlewares/ST/STM32_USB_Device_Library/Core/Src/usbd_ioreq.o
 .debug_frame   0x000032e8       0x2c ./USB_DEVICE/App/usb_device.o
 .debug_frame   0x00003314       0xe4 ./USB_DEVICE/App/usbd_cdc_if.o
 .debug_frame   0x000033f8      0x160 ./USB_DEVICE/App/usbd_desc.o
 .debug_frame   0x00003558      0x480 ./USB_DEVICE/Target/usbd_conf.o
 .debug_frame   0x000039d8       0x20 C:/ST/STM32CubeIDE_1.19.0/STM32CubeIDE/plugins/com.st.stm32cube.ide.mcu.externaltools.gnu-tools-for-stm32.13.3.rel1.win32_1.0.0.202411081344/tools/bin/../lib/gcc/arm-none-eabi/13.3.1/../../../../arm-none-eabi/lib/thumb/v7e-m+dp/hard\libc_nano.a(libc_a-memset.o)
 .debug_frame   0x000039f8       0x2c C:/ST/STM32CubeIDE_1.19.0/STM32CubeIDE/plugins/com.st.stm32cube.ide.mcu.externaltools.gnu-tools-for-stm32.13.3.rel1.win32_1.0.0.202411081344/tools/bin/../lib/gcc/arm-none-eabi/13.3.1/../../../../arm-none-eabi/lib/thumb/v7e-m+dp/hard\libc_nano.a(libc_a-init.o)

.debug_line_str
                0x00000000       0x6a
 .debug_line_str
                0x00000000       0x6a ./Core/Startup/startup_stm32h750vbtx.o
